kotlin version: 2.2.10
error message: java.lang.RuntimeException: Exception while generating code for:
FUN name:drawShapeElement visibility:private modality:FINAL returnType:kotlin.Unit
  VALUE_PARAMETER kind:DispatchReceiver name:<this> index:0 type:com.webscare.urducanvas.common.views.CanvasView
  VALUE_PARAMETER kind:Regular name:canvas index:1 type:android.graphics.Canvas
  VALUE_PARAMETER kind:Regular name:element index:2 type:com.webscare.urducanvas.common.canvas.model.CanvasElement
  BLOCK_BODY
    VAR name:localHalfW type:kotlin.Float [val]
      CALL 'public final fun div (other: kotlin.Float): kotlin.Float [operator] declared in kotlin.Float' type=kotlin.Float origin=DIV
        ARG <this>: CALL 'public final fun <get-logicalContentWidth> (): kotlin.Float declared in com.webscare.urducanvas.common.canvas.model.CanvasElement' type=kotlin.Float origin=GET_PROPERTY
          ARG <this>: GET_VAR 'element: com.webscare.urducanvas.common.canvas.model.CanvasElement declared in com.webscare.urducanvas.common.views.CanvasView.drawShapeElement' type=com.webscare.urducanvas.common.canvas.model.CanvasElement origin=null
        ARG other: CONST Float type=kotlin.Float value=2.0
    VAR name:localHalfH type:kotlin.Float [val]
      CALL 'public final fun div (other: kotlin.Float): kotlin.Float [operator] declared in kotlin.Float' type=kotlin.Float origin=DIV
        ARG <this>: CALL 'public final fun <get-logicalContentHeight> (): kotlin.Float declared in com.webscare.urducanvas.common.canvas.model.CanvasElement' type=kotlin.Float origin=GET_PROPERTY
          ARG <this>: GET_VAR 'element: com.webscare.urducanvas.common.canvas.model.CanvasElement declared in com.webscare.urducanvas.common.views.CanvasView.drawShapeElement' type=com.webscare.urducanvas.common.canvas.model.CanvasElement origin=null
        ARG other: CONST Float type=kotlin.Float value=2.0
    VAR name:localRect type:android.graphics.RectF [val]
      CONSTRUCTOR_CALL 'public constructor <init> (p0: kotlin.Float, p1: kotlin.Float, p2: kotlin.Float, p3: kotlin.Float) declared in android.graphics.RectF' type=android.graphics.RectF origin=null
        ARG p0: CALL 'public final fun unaryMinus (): kotlin.Float [operator] declared in kotlin.Float' type=kotlin.Float origin=null
          ARG <this>: GET_VAR 'val localHalfW: kotlin.Float [val] declared in com.webscare.urducanvas.common.views.CanvasView.drawShapeElement' type=kotlin.Float origin=null
        ARG p1: CALL 'public final fun unaryMinus (): kotlin.Float [operator] declared in kotlin.Float' type=kotlin.Float origin=null
          ARG <this>: GET_VAR 'val localHalfH: kotlin.Float [val] declared in com.webscare.urducanvas.common.views.CanvasView.drawShapeElement' type=kotlin.Float origin=null
        ARG p2: GET_VAR 'val localHalfW: kotlin.Float [val] declared in com.webscare.urducanvas.common.views.CanvasView.drawShapeElement' type=kotlin.Float origin=null
        ARG p3: GET_VAR 'val localHalfH: kotlin.Float [val] declared in com.webscare.urducanvas.common.views.CanvasView.drawShapeElement' type=kotlin.Float origin=null
    VAR name:shapeType type:com.webscare.urducanvas.common.canvas.enums.ShapeType [val]
      BLOCK type=com.webscare.urducanvas.common.canvas.enums.ShapeType origin=FOLDED_ELVIS
        WHEN type=com.webscare.urducanvas.common.canvas.enums.ShapeType origin=FOLDED_ELVIS
          BRANCH
            if: COMPOSITE type=kotlin.Boolean origin=null
              VAR IR_TEMPORARY_VARIABLE name:tmp0_elvis_lhs type:com.webscare.urducanvas.common.canvas.enums.ShapeType? [val]
                CALL 'public final fun <get-shapeType> (): com.webscare.urducanvas.common.canvas.enums.ShapeType? declared in com.webscare.urducanvas.common.canvas.model.CanvasElement' type=com.webscare.urducanvas.common.canvas.enums.ShapeType? origin=GET_PROPERTY
                  ARG <this>: GET_VAR 'element: com.webscare.urducanvas.common.canvas.model.CanvasElement declared in com.webscare.urducanvas.common.views.CanvasView.drawShapeElement' type=com.webscare.urducanvas.common.canvas.model.CanvasElement origin=null
              CALL 'public final fun not (): kotlin.Boolean [operator] declared in kotlin.Boolean' type=kotlin.Boolean origin=null
                ARG <this>: CALL 'public final fun EQEQ (arg0: kotlin.Any?, arg1: kotlin.Any?): kotlin.Boolean declared in kotlin.internal.ir' type=kotlin.Boolean origin=null
                  ARG arg0: GET_VAR 'val tmp0_elvis_lhs: com.webscare.urducanvas.common.canvas.enums.ShapeType? [val] declared in com.webscare.urducanvas.common.views.CanvasView.drawShapeElement' type=com.webscare.urducanvas.common.canvas.enums.ShapeType? origin=null
                  ARG arg1: CONST Null type=kotlin.Nothing? value=null
            then: GET_VAR 'val tmp0_elvis_lhs: com.webscare.urducanvas.common.canvas.enums.ShapeType? [val] declared in com.webscare.urducanvas.common.views.CanvasView.drawShapeElement' type=com.webscare.urducanvas.common.canvas.enums.ShapeType? origin=null
          BRANCH
            if: CONST Boolean type=kotlin.Boolean value=true
            then: GET_FIELD 'FIELD FIELD_FOR_ENUM_ENTRY name:RECTANGLE type:com.webscare.urducanvas.common.canvas.enums.ShapeType visibility:public [final,static] declared in com.webscare.urducanvas.common.canvas.enums.ShapeType' type=com.webscare.urducanvas.common.canvas.enums.ShapeType origin=null
    VAR name:cornerRadius type:kotlin.Float [val]
      WHEN type=kotlin.Float origin=IF
        BRANCH
          if: CALL 'public final fun <get-shapeHasCorner> (): kotlin.Boolean declared in com.webscare.urducanvas.common.canvas.model.CanvasElement' type=kotlin.Boolean origin=GET_PROPERTY
            ARG <this>: GET_VAR 'element: com.webscare.urducanvas.common.canvas.model.CanvasElement declared in com.webscare.urducanvas.common.views.CanvasView.drawShapeElement' type=com.webscare.urducanvas.common.canvas.model.CanvasElement origin=null
          then: BLOCK type=kotlin.Float origin=null
            CALL 'public final fun <get-shapeCornerRadius> (): kotlin.Float declared in com.webscare.urducanvas.common.canvas.model.CanvasElement' type=kotlin.Float origin=GET_PROPERTY
              ARG <this>: GET_VAR 'element: com.webscare.urducanvas.common.canvas.model.CanvasElement declared in com.webscare.urducanvas.common.views.CanvasView.drawShapeElement' type=com.webscare.urducanvas.common.canvas.model.CanvasElement origin=null
        BRANCH
          if: CONST Boolean type=kotlin.Boolean value=true
          then: BLOCK type=kotlin.Float origin=null
            CONST Float type=kotlin.Float value=0.0
    VAR name:path type:android.graphics.Path [val]
      CALL 'public final fun buildShapePath (shapeType: com.webscare.urducanvas.common.canvas.enums.ShapeType, rect: android.graphics.RectF, cornerRadius: kotlin.Float): android.graphics.Path declared in com.webscare.urducanvas.common.utils.ShapeRenderUtils' type=android.graphics.Path origin=null
        ARG <this>: GET_FIELD 'FIELD FIELD_FOR_OBJECT_INSTANCE name:INSTANCE type:com.webscare.urducanvas.common.utils.ShapeRenderUtils visibility:public [final,static] declared in com.webscare.urducanvas.common.utils.ShapeRenderUtils' type=com.webscare.urducanvas.common.utils.ShapeRenderUtils origin=null
        ARG shapeType: GET_VAR 'val shapeType: com.webscare.urducanvas.common.canvas.enums.ShapeType [val] declared in com.webscare.urducanvas.common.views.CanvasView.drawShapeElement' type=com.webscare.urducanvas.common.canvas.enums.ShapeType origin=null
        ARG rect: GET_VAR 'val localRect: android.graphics.RectF [val] declared in com.webscare.urducanvas.common.views.CanvasView.drawShapeElement' type=android.graphics.RectF origin=null
        ARG cornerRadius: GET_VAR 'val cornerRadius: kotlin.Float [val] declared in com.webscare.urducanvas.common.views.CanvasView.drawShapeElement' type=kotlin.Float origin=null
    WHEN type=kotlin.Unit origin=IF
      BRANCH
        if: CALL 'public final fun ANDAND (arg0: kotlin.Boolean, arg1: kotlin.Boolean): kotlin.Boolean declared in kotlin.internal.ir' type=kotlin.Boolean origin=null
          ARG arg0: CALL 'public final fun <get-hasShadow> (): kotlin.Boolean declared in com.webscare.urducanvas.common.canvas.model.CanvasElement' type=kotlin.Boolean origin=GET_PROPERTY
            ARG <this>: GET_VAR 'element: com.webscare.urducanvas.common.canvas.model.CanvasElement declared in com.webscare.urducanvas.common.views.CanvasView.drawShapeElement' type=com.webscare.urducanvas.common.canvas.model.CanvasElement origin=null
          ARG arg1: CALL 'public final fun greater (arg0: kotlin.Int, arg1: kotlin.Int): kotlin.Boolean declared in kotlin.internal.ir' type=kotlin.Boolean origin=GT
            ARG arg0: CALL 'public final fun <get-shadowOpacity> (): kotlin.Int declared in com.webscare.urducanvas.common.canvas.model.CanvasElement' type=kotlin.Int origin=GET_PROPERTY
              ARG <this>: GET_VAR 'element: com.webscare.urducanvas.common.canvas.model.CanvasElement declared in com.webscare.urducanvas.common.views.CanvasView.drawShapeElement' type=com.webscare.urducanvas.common.canvas.model.CanvasElement origin=null
            ARG arg1: CONST Int type=kotlin.Int value=0
        then: BLOCK type=kotlin.Unit origin=null
          VAR name:shadowColor type:kotlin.Int [val]
            CALL 'public open fun argb (p0: kotlin.Int, p1: kotlin.Int, p2: kotlin.Int, p3: kotlin.Int): kotlin.Int declared in android.graphics.Color' type=kotlin.Int origin=null
              ARG p0: CALL 'public final fun <get-shadowOpacity> (): kotlin.Int declared in com.webscare.urducanvas.common.canvas.model.CanvasElement' type=kotlin.Int origin=GET_PROPERTY
                ARG <this>: GET_VAR 'element: com.webscare.urducanvas.common.canvas.model.CanvasElement declared in com.webscare.urducanvas.common.views.CanvasView.drawShapeElement' type=com.webscare.urducanvas.common.canvas.model.CanvasElement origin=null
              ARG p1: CALL 'public open fun red (p0: kotlin.Int): kotlin.Int declared in android.graphics.Color' type=kotlin.Int origin=null
                ARG p0: CALL 'public final fun <get-shadowColor> (): kotlin.Int declared in com.webscare.urducanvas.common.canvas.model.CanvasElement' type=kotlin.Int origin=GET_PROPERTY
                  ARG <this>: GET_VAR 'element: com.webscare.urducanvas.common.canvas.model.CanvasElement declared in com.webscare.urducanvas.common.views.CanvasView.drawShapeElement' type=com.webscare.urducanvas.common.canvas.model.CanvasElement origin=null
              ARG p2: CALL 'public open fun green (p0: kotlin.Int): kotlin.Int declared in android.graphics.Color' type=kotlin.Int origin=null
                ARG p0: CALL 'public final fun <get-shadowColor> (): kotlin.Int declared in com.webscare.urducanvas.common.canvas.model.CanvasElement' type=kotlin.Int origin=GET_PROPERTY
                  ARG <this>: GET_VAR 'element: com.webscare.urducanvas.common.canvas.model.CanvasElement declared in com.webscare.urducanvas.common.views.CanvasView.drawShapeElement' type=com.webscare.urducanvas.common.canvas.model.CanvasElement origin=null
              ARG p3: CALL 'public open fun blue (p0: kotlin.Int): kotlin.Int declared in android.graphics.Color' type=kotlin.Int origin=null
                ARG p0: CALL 'public final fun <get-shadowColor> (): kotlin.Int declared in com.webscare.urducanvas.common.canvas.model.CanvasElement' type=kotlin.Int origin=GET_PROPERTY
                  ARG <this>: GET_VAR 'element: com.webscare.urducanvas.common.canvas.model.CanvasElement declared in com.webscare.urducanvas.common.views.CanvasView.drawShapeElement' type=com.webscare.urducanvas.common.canvas.model.CanvasElement origin=null
          VAR name:shadowPaint type:android.graphics.Paint [val]
            CALL 'public final fun apply <T> (<this>: T of kotlin.StandardKt.apply, block: @[ExtensionFunctionType] kotlin.Function1<T of kotlin.StandardKt.apply, kotlin.Unit>): T of kotlin.StandardKt.apply [inline] declared in kotlin.StandardKt' type=android.graphics.Paint origin=null
              TYPE_ARG T: android.graphics.Paint
              ARG <this>: CONSTRUCTOR_CALL 'public constructor <init> (p0: kotlin.Int) declared in android.graphics.Paint' type=android.graphics.Paint origin=null
                ARG p0: CONST Int type=kotlin.Int value=1
              ARG block: BLOCK type=@[ExtensionFunctionType] kotlin.Function1<android.graphics.Paint, kotlin.Unit> origin=LAMBDA
                COMPOSITE type=kotlin.Unit origin=null
                FUNCTION_REFERENCE 'private final fun drawShapeElement$lambda$183 ($this$apply: android.graphics.Paint, $shadowColor: kotlin.Int, $element: com.webscare.urducanvas.common.canvas.model.CanvasElement): kotlin.Unit declared in com.webscare.urducanvas.common.views.CanvasView' type=@[ExtensionFunctionType] kotlin.Function1<android.graphics.Paint, kotlin.Unit> origin=INLINE_LAMBDA reflectionTarget=null
                  ARG $shadowColor: GET_VAR 'val shadowColor: kotlin.Int [val] declared in com.webscare.urducanvas.common.views.CanvasView.drawShapeElement' type=kotlin.Int origin=null
                  ARG $element: GET_VAR 'element: com.webscare.urducanvas.common.canvas.model.CanvasElement declared in com.webscare.urducanvas.common.views.CanvasView.drawShapeElement' type=com.webscare.urducanvas.common.canvas.model.CanvasElement origin=null
          COMPOSITE type=kotlin.Unit origin=null
            CALL 'public open fun save (): kotlin.Int declared in android.graphics.Canvas' type=kotlin.Int origin=null
              ARG <this>: GET_VAR 'canvas: android.graphics.Canvas declared in com.webscare.urducanvas.common.views.CanvasView.drawShapeElement' type=android.graphics.Canvas origin=null
            COMPOSITE type=kotlin.Unit origin=null
          CALL 'public open fun translate (p0: kotlin.Float, p1: kotlin.Float): kotlin.Unit declared in android.graphics.Canvas' type=kotlin.Unit origin=null
            ARG <this>: GET_VAR 'canvas: android.graphics.Canvas declared in com.webscare.urducanvas.common.views.CanvasView.drawShapeElement' type=android.graphics.Canvas origin=null
            ARG p0: CALL 'public final fun <get-shadowDx> (): kotlin.Float declared in com.webscare.urducanvas.common.canvas.model.CanvasElement' type=kotlin.Float origin=GET_PROPERTY
              ARG <this>: GET_VAR 'element: com.webscare.urducanvas.common.canvas.model.CanvasElement declared in com.webscare.urducanvas.common.views.CanvasView.drawShapeElement' type=com.webscare.urducanvas.common.canvas.model.CanvasElement origin=null
            ARG p1: CALL 'public final fun <get-shadowDy> (): kotlin.Float declared in com.webscare.urducanvas.common.canvas.model.CanvasElement' type=kotlin.Float origin=GET_PROPERTY
              ARG <this>: GET_VAR 'element: com.webscare.urducanvas.common.canvas.model.CanvasElement declared in com.webscare.urducanvas.common.views.CanvasView.drawShapeElement' type=com.webscare.urducanvas.common.canvas.model.CanvasElement origin=null
          CALL 'public final fun withCornerEffect (paint: android.graphics.Paint, radius: kotlin.Float, shapeType: com.webscare.urducanvas.common.canvas.enums.ShapeType, block: kotlin.Function0<kotlin.Unit>): kotlin.Unit [inline] declared in com.webscare.urducanvas.common.utils.ShapeRenderUtils' type=kotlin.Unit origin=null
            ARG <this>: TYPE_OP type=com.webscare.urducanvas.common.utils.ShapeRenderUtils origin=IMPLICIT_CAST typeOperand=com.webscare.urducanvas.common.utils.ShapeRenderUtils
              GET_FIELD 'FIELD FIELD_FOR_OBJECT_INSTANCE name:INSTANCE type:com.webscare.urducanvas.common.utils.ShapeRenderUtils visibility:public [final,static] declared in com.webscare.urducanvas.common.utils.ShapeRenderUtils' type=com.webscare.urducanvas.common.utils.ShapeRenderUtils origin=null
            ARG paint: GET_VAR 'val shadowPaint: android.graphics.Paint [val] declared in com.webscare.urducanvas.common.views.CanvasView.drawShapeElement' type=android.graphics.Paint origin=null
            ARG radius: GET_VAR 'val cornerRadius: kotlin.Float [val] declared in com.webscare.urducanvas.common.views.CanvasView.drawShapeElement' type=kotlin.Float origin=null
            ARG shapeType: GET_VAR 'val shapeType: com.webscare.urducanvas.common.canvas.enums.ShapeType [val] declared in com.webscare.urducanvas.common.views.CanvasView.drawShapeElement' type=com.webscare.urducanvas.common.canvas.enums.ShapeType origin=null
            ARG block: BLOCK type=kotlin.Function0<kotlin.Unit> origin=LAMBDA
              COMPOSITE type=kotlin.Unit origin=null
              FUNCTION_REFERENCE 'private final fun drawShapeElement$lambda$184 ($canvas: android.graphics.Canvas, $path: android.graphics.Path, $shadowPaint: android.graphics.Paint): kotlin.Unit declared in com.webscare.urducanvas.common.views.CanvasView' type=kotlin.Function0<kotlin.Unit> origin=INLINE_LAMBDA reflectionTarget=null
                ARG $canvas: GET_VAR 'canvas: android.graphics.Canvas declared in com.webscare.urducanvas.common.views.CanvasView.drawShapeElement' type=android.graphics.Canvas origin=null
                ARG $path: GET_VAR 'val path: android.graphics.Path [val] declared in com.webscare.urducanvas.common.views.CanvasView.drawShapeElement' type=android.graphics.Path origin=null
                ARG $shadowPaint: GET_VAR 'val shadowPaint: android.graphics.Paint [val] declared in com.webscare.urducanvas.common.views.CanvasView.drawShapeElement' type=android.graphics.Paint origin=null
          CALL 'public open fun restore (): kotlin.Unit declared in android.graphics.Canvas' type=kotlin.Unit origin=null
            ARG <this>: GET_VAR 'canvas: android.graphics.Canvas declared in com.webscare.urducanvas.common.views.CanvasView.drawShapeElement' type=android.graphics.Canvas origin=null
    WHEN type=kotlin.Unit origin=IF
      BRANCH
        if: CALL 'public final fun <get-shapeHasFill> (): kotlin.Boolean declared in com.webscare.urducanvas.common.canvas.model.CanvasElement' type=kotlin.Boolean origin=GET_PROPERTY
          ARG <this>: GET_VAR 'element: com.webscare.urducanvas.common.canvas.model.CanvasElement declared in com.webscare.urducanvas.common.views.CanvasView.drawShapeElement' type=com.webscare.urducanvas.common.canvas.model.CanvasElement origin=null
        then: BLOCK type=kotlin.Unit origin=null
          VAR name:fillPaint type:android.graphics.Paint [val]
            CALL 'public final fun apply <T> (<this>: T of kotlin.StandardKt.apply, block: @[ExtensionFunctionType] kotlin.Function1<T of kotlin.StandardKt.apply, kotlin.Unit>): T of kotlin.StandardKt.apply [inline] declared in kotlin.StandardKt' type=android.graphics.Paint origin=null
              TYPE_ARG T: android.graphics.Paint
              ARG <this>: CONSTRUCTOR_CALL 'public constructor <init> (p0: kotlin.Int) declared in android.graphics.Paint' type=android.graphics.Paint origin=null
                ARG p0: CONST Int type=kotlin.Int value=1
              ARG block: BLOCK type=@[ExtensionFunctionType] kotlin.Function1<android.graphics.Paint, kotlin.Unit> origin=LAMBDA
                COMPOSITE type=kotlin.Unit origin=null
                FUNCTION_REFERENCE 'private final fun drawShapeElement$lambda$185 ($this$apply: android.graphics.Paint, $element: com.webscare.urducanvas.common.canvas.model.CanvasElement, this$0: com.webscare.urducanvas.common.views.CanvasView, $localRect: android.graphics.RectF): kotlin.Unit declared in com.webscare.urducanvas.common.views.CanvasView' type=@[ExtensionFunctionType] kotlin.Function1<android.graphics.Paint, kotlin.Unit> origin=INLINE_LAMBDA reflectionTarget=null
                  ARG $element: GET_VAR 'element: com.webscare.urducanvas.common.canvas.model.CanvasElement declared in com.webscare.urducanvas.common.views.CanvasView.drawShapeElement' type=com.webscare.urducanvas.common.canvas.model.CanvasElement origin=null
                  ARG this$0: GET_VAR '<this>: com.webscare.urducanvas.common.views.CanvasView declared in com.webscare.urducanvas.common.views.CanvasView.drawShapeElement' type=com.webscare.urducanvas.common.views.CanvasView origin=null
                  ARG $localRect: GET_VAR 'val localRect: android.graphics.RectF [val] declared in com.webscare.urducanvas.common.views.CanvasView.drawShapeElement' type=android.graphics.RectF origin=null
          CALL 'public final fun withCornerEffect (paint: android.graphics.Paint, radius: kotlin.Float, shapeType: com.webscare.urducanvas.common.canvas.enums.ShapeType, block: kotlin.Function0<kotlin.Unit>): kotlin.Unit [inline] declared in com.webscare.urducanvas.common.utils.ShapeRenderUtils' type=kotlin.Unit origin=null
            ARG <this>: TYPE_OP type=com.webscare.urducanvas.common.utils.ShapeRenderUtils origin=IMPLICIT_CAST typeOperand=com.webscare.urducanvas.common.utils.ShapeRenderUtils
              GET_FIELD 'FIELD FIELD_FOR_OBJECT_INSTANCE name:INSTANCE type:com.webscare.urducanvas.common.utils.ShapeRenderUtils visibility:public [final,static] declared in com.webscare.urducanvas.common.utils.ShapeRenderUtils' type=com.webscare.urducanvas.common.utils.ShapeRenderUtils origin=null
            ARG paint: GET_VAR 'val fillPaint: android.graphics.Paint [val] declared in com.webscare.urducanvas.common.views.CanvasView.drawShapeElement' type=android.graphics.Paint origin=null
            ARG radius: GET_VAR 'val cornerRadius: kotlin.Float [val] declared in com.webscare.urducanvas.common.views.CanvasView.drawShapeElement' type=kotlin.Float origin=null
            ARG shapeType: GET_VAR 'val shapeType: com.webscare.urducanvas.common.canvas.enums.ShapeType [val] declared in com.webscare.urducanvas.common.views.CanvasView.drawShapeElement' type=com.webscare.urducanvas.common.canvas.enums.ShapeType origin=null
            ARG block: BLOCK type=kotlin.Function0<kotlin.Unit> origin=LAMBDA
              COMPOSITE type=kotlin.Unit origin=null
              FUNCTION_REFERENCE 'private final fun drawShapeElement$lambda$186 ($canvas: android.graphics.Canvas, $path: android.graphics.Path, $fillPaint: android.graphics.Paint): kotlin.Unit declared in com.webscare.urducanvas.common.views.CanvasView' type=kotlin.Function0<kotlin.Unit> origin=INLINE_LAMBDA reflectionTarget=null
                ARG $canvas: GET_VAR 'canvas: android.graphics.Canvas declared in com.webscare.urducanvas.common.views.CanvasView.drawShapeElement' type=android.graphics.Canvas origin=null
                ARG $path: GET_VAR 'val path: android.graphics.Path [val] declared in com.webscare.urducanvas.common.views.CanvasView.drawShapeElement' type=android.graphics.Path origin=null
                ARG $fillPaint: GET_VAR 'val fillPaint: android.graphics.Paint [val] declared in com.webscare.urducanvas.common.views.CanvasView.drawShapeElement' type=android.graphics.Paint origin=null
    COMPOSITE type=kotlin.Unit origin=null
      BLOCK type=kotlin.Unit? origin=FOLDED_SAFE_CALL
        WHEN type=kotlin.Unit? origin=FOLDED_SAFE_CALL
          BRANCH
            if: COMPOSITE type=kotlin.Boolean origin=null
              VAR IR_TEMPORARY_VARIABLE name:tmp1_safe_receiver type:android.graphics.Bitmap? [val]
                CALL 'public final fun <get-bitmap> (): android.graphics.Bitmap? declared in com.webscare.urducanvas.common.canvas.model.CanvasElement' type=android.graphics.Bitmap? origin=GET_PROPERTY
                  ARG <this>: GET_VAR 'element: com.webscare.urducanvas.common.canvas.model.CanvasElement declared in com.webscare.urducanvas.common.views.CanvasView.drawShapeElement' type=com.webscare.urducanvas.common.canvas.model.CanvasElement origin=null
              CALL 'public final fun not (): kotlin.Boolean [operator] declared in kotlin.Boolean' type=kotlin.Boolean origin=null
                ARG <this>: CALL 'public final fun EQEQ (arg0: kotlin.Any?, arg1: kotlin.Any?): kotlin.Boolean declared in kotlin.internal.ir' type=kotlin.Boolean origin=null
                  ARG arg0: GET_VAR 'val tmp1_safe_receiver: android.graphics.Bitmap? [val] declared in com.webscare.urducanvas.common.views.CanvasView.drawShapeElement' type=android.graphics.Bitmap? origin=null
                  ARG arg1: CONST Null type=kotlin.Nothing? value=null
            then: CALL 'public final fun let <T, R> (<this>: T of kotlin.StandardKt.let, block: kotlin.Function1<T of kotlin.StandardKt.let, R of kotlin.StandardKt.let>): R of kotlin.StandardKt.let [inline] declared in kotlin.StandardKt' type=kotlin.Unit origin=null
              TYPE_ARG T: android.graphics.Bitmap
              TYPE_ARG R: kotlin.Unit
              ARG <this>: GET_VAR 'val tmp1_safe_receiver: android.graphics.Bitmap? [val] declared in com.webscare.urducanvas.common.views.CanvasView.drawShapeElement' type=android.graphics.Bitmap? origin=null
              ARG block: BLOCK type=kotlin.Function1<android.graphics.Bitmap, kotlin.Unit> origin=LAMBDA
                COMPOSITE type=kotlin.Unit origin=null
                FUNCTION_REFERENCE 'private final fun drawShapeElement$lambda$198 ($canvas: android.graphics.Canvas, $element: com.webscare.urducanvas.common.canvas.model.CanvasElement, this$0: com.webscare.urducanvas.common.views.CanvasView, $localRect: android.graphics.RectF, $cornerRadius: kotlin.Float, $shapeType: com.webscare.urducanvas.common.canvas.enums.ShapeType, $path: android.graphics.Path, bmp: android.graphics.Bitmap): kotlin.Unit declared in com.webscare.urducanvas.common.views.CanvasView' type=kotlin.Function1<android.graphics.Bitmap, kotlin.Unit> origin=INLINE_LAMBDA reflectionTarget=null
                  ARG $canvas: GET_VAR 'canvas: android.graphics.Canvas declared in com.webscare.urducanvas.common.views.CanvasView.drawShapeElement' type=android.graphics.Canvas origin=null
                  ARG $element: GET_VAR 'element: com.webscare.urducanvas.common.canvas.model.CanvasElement declared in com.webscare.urducanvas.common.views.CanvasView.drawShapeElement' type=com.webscare.urducanvas.common.canvas.model.CanvasElement origin=null
                  ARG this$0: GET_VAR '<this>: com.webscare.urducanvas.common.views.CanvasView declared in com.webscare.urducanvas.common.views.CanvasView.drawShapeElement' type=com.webscare.urducanvas.common.views.CanvasView origin=null
                  ARG $localRect: GET_VAR 'val localRect: android.graphics.RectF [val] declared in com.webscare.urducanvas.common.views.CanvasView.drawShapeElement' type=android.graphics.RectF origin=null
                  ARG $cornerRadius: GET_VAR 'val cornerRadius: kotlin.Float [val] declared in com.webscare.urducanvas.common.views.CanvasView.drawShapeElement' type=kotlin.Float origin=null
                  ARG $shapeType: GET_VAR 'val shapeType: com.webscare.urducanvas.common.canvas.enums.ShapeType [val] declared in com.webscare.urducanvas.common.views.CanvasView.drawShapeElement' type=com.webscare.urducanvas.common.canvas.enums.ShapeType origin=null
                  ARG $path: GET_VAR 'val path: android.graphics.Path [val] declared in com.webscare.urducanvas.common.views.CanvasView.drawShapeElement' type=android.graphics.Path origin=null
          BRANCH
            if: CONST Boolean type=kotlin.Boolean value=true
            then: CONST Null type=kotlin.Nothing? value=null
    WHEN type=kotlin.Unit origin=IF
      BRANCH
        if: CALL 'public final fun <get-shapeHasStroke> (): kotlin.Boolean declared in com.webscare.urducanvas.common.canvas.model.CanvasElement' type=kotlin.Boolean origin=GET_PROPERTY
          ARG <this>: GET_VAR 'element: com.webscare.urducanvas.common.canvas.model.CanvasElement declared in com.webscare.urducanvas.common.views.CanvasView.drawShapeElement' type=com.webscare.urducanvas.common.canvas.model.CanvasElement origin=null
        then: BLOCK type=kotlin.Unit origin=null
          VAR name:scaleSafe type:kotlin.Float [val]
            BLOCK type=kotlin.Float origin=FOLDED_ELVIS
              WHEN type=kotlin.Float origin=FOLDED_ELVIS
                BRANCH
                  if: COMPOSITE type=kotlin.Boolean origin=null
                    VAR IR_TEMPORARY_VARIABLE name:tmp2_elvis_lhs type:kotlin.Float? [val]
                      CALL 'public final fun takeIf <T> (<this>: T of kotlin.StandardKt.takeIf, predicate: kotlin.Function1<T of kotlin.StandardKt.takeIf, kotlin.Boolean>): T of kotlin.StandardKt.takeIf? [inline] declared in kotlin.StandardKt' type=kotlin.Float? origin=null
                        TYPE_ARG T: kotlin.Float
                        ARG <this>: CALL 'public final fun <get-scale> (): kotlin.Float declared in com.webscare.urducanvas.common.canvas.model.CanvasElement' type=kotlin.Float origin=GET_PROPERTY
                          ARG <this>: GET_VAR 'element: com.webscare.urducanvas.common.canvas.model.CanvasElement declared in com.webscare.urducanvas.common.views.CanvasView.drawShapeElement' type=com.webscare.urducanvas.common.canvas.model.CanvasElement origin=null
                        ARG predicate: BLOCK type=kotlin.Function1<kotlin.Float, kotlin.Boolean> origin=LAMBDA
                          COMPOSITE type=kotlin.Unit origin=null
                          FUNCTION_REFERENCE 'private final fun drawShapeElement$lambda$199 (it: kotlin.Float): kotlin.Boolean declared in com.webscare.urducanvas.common.views.CanvasView' type=kotlin.Function1<kotlin.Float, kotlin.Boolean> origin=INLINE_LAMBDA reflectionTarget=null
                    CALL 'public final fun not (): kotlin.Boolean [operator] declared in kotlin.Boolean' type=kotlin.Boolean origin=null
                      ARG <this>: CALL 'public final fun EQEQ (arg0: kotlin.Any?, arg1: kotlin.Any?): kotlin.Boolean declared in kotlin.internal.ir' type=kotlin.Boolean origin=null
                        ARG arg0: GET_VAR 'val tmp2_elvis_lhs: kotlin.Float? [val] declared in com.webscare.urducanvas.common.views.CanvasView.drawShapeElement' type=kotlin.Float? origin=null
                        ARG arg1: CONST Null type=kotlin.Nothing? value=null
                  then: GET_VAR 'val tmp2_elvis_lhs: kotlin.Float? [val] declared in com.webscare.urducanvas.common.views.CanvasView.drawShapeElement' type=kotlin.Float? origin=null
                BRANCH
                  if: CONST Boolean type=kotlin.Boolean value=true
                  then: CONST Float type=kotlin.Float value=1.0
          VAR name:visualStrokeWidth type:kotlin.Float [val]
            CALL 'public final fun div (other: kotlin.Float): kotlin.Float [operator] declared in kotlin.Float' type=kotlin.Float origin=DIV
              ARG <this>: BLOCK type=kotlin.Float origin=FOLDED_ELVIS
                WHEN type=kotlin.Float origin=FOLDED_ELVIS
                  BRANCH
                    if: COMPOSITE type=kotlin.Boolean origin=null
                      VAR IR_TEMPORARY_VARIABLE name:tmp3_elvis_lhs type:kotlin.Float [val]
                        CALL 'public final fun <get-shapeStrokeWidth> (): kotlin.Float declared in com.webscare.urducanvas.common.canvas.model.CanvasElement' type=kotlin.Float origin=GET_PROPERTY
                          ARG <this>: GET_VAR 'element: com.webscare.urducanvas.common.canvas.model.CanvasElement declared in com.webscare.urducanvas.common.views.CanvasView.drawShapeElement' type=com.webscare.urducanvas.common.canvas.model.CanvasElement origin=null
                      CALL 'public final fun not (): kotlin.Boolean [operator] declared in kotlin.Boolean' type=kotlin.Boolean origin=null
                        ARG <this>: CALL 'public final fun EQEQ (arg0: kotlin.Any?, arg1: kotlin.Any?): kotlin.Boolean declared in kotlin.internal.ir' type=kotlin.Boolean origin=null
                          ARG arg0: GET_VAR 'val tmp3_elvis_lhs: kotlin.Float [val] declared in com.webscare.urducanvas.common.views.CanvasView.drawShapeElement' type=kotlin.Float origin=null
                          ARG arg1: CONST Null type=kotlin.Nothing? value=null
                    then: GET_VAR 'val tmp3_elvis_lhs: kotlin.Float [val] declared in com.webscare.urducanvas.common.views.CanvasView.drawShapeElement' type=kotlin.Float origin=null
                  BRANCH
                    if: CONST Boolean type=kotlin.Boolean value=true
                    then: CONST Float type=kotlin.Float value=1.0
              ARG other: GET_VAR 'val scaleSafe: kotlin.Float [val] declared in com.webscare.urducanvas.common.views.CanvasView.drawShapeElement' type=kotlin.Float origin=null
          VAR name:strokePaint type:android.graphics.Paint [val]
            CALL 'public final fun apply <T> (<this>: T of kotlin.StandardKt.apply, block: @[ExtensionFunctionType] kotlin.Function1<T of kotlin.StandardKt.apply, kotlin.Unit>): T of kotlin.StandardKt.apply [inline] declared in kotlin.StandardKt' type=android.graphics.Paint origin=null
              TYPE_ARG T: android.graphics.Paint
              ARG <this>: CONSTRUCTOR_CALL 'public constructor <init> (p0: kotlin.Int) declared in android.graphics.Paint' type=android.graphics.Paint origin=null
                ARG p0: CONST Int type=kotlin.Int value=1
              ARG block: BLOCK type=@[ExtensionFunctionType] kotlin.Function1<android.graphics.Paint, kotlin.Unit> origin=LAMBDA
                COMPOSITE type=kotlin.Unit origin=null
                FUNCTION_REFERENCE 'private final fun drawShapeElement$lambda$200 ($this$apply: android.graphics.Paint, $visualStrokeWidth: kotlin.Float, $element: com.webscare.urducanvas.common.canvas.model.CanvasElement, this$0: com.webscare.urducanvas.common.views.CanvasView, $localRect: android.graphics.RectF): kotlin.Unit declared in com.webscare.urducanvas.common.views.CanvasView' type=@[ExtensionFunctionType] kotlin.Function1<android.graphics.Paint, kotlin.Unit> origin=INLINE_LAMBDA reflectionTarget=null
                  ARG $visualStrokeWidth: GET_VAR 'val visualStrokeWidth: kotlin.Float [val] declared in com.webscare.urducanvas.common.views.CanvasView.drawShapeElement' type=kotlin.Float origin=null
                  ARG $element: GET_VAR 'element: com.webscare.urducanvas.common.canvas.model.CanvasElement declared in com.webscare.urducanvas.common.views.CanvasView.drawShapeElement' type=com.webscare.urducanvas.common.canvas.model.CanvasElement origin=null
                  ARG this$0: GET_VAR '<this>: com.webscare.urducanvas.common.views.CanvasView declared in com.webscare.urducanvas.common.views.CanvasView.drawShapeElement' type=com.webscare.urducanvas.common.views.CanvasView origin=null
                  ARG $localRect: GET_VAR 'val localRect: android.graphics.RectF [val] declared in com.webscare.urducanvas.common.views.CanvasView.drawShapeElement' type=android.graphics.RectF origin=null
          CALL 'public final fun withCornerEffect (paint: android.graphics.Paint, radius: kotlin.Float, shapeType: com.webscare.urducanvas.common.canvas.enums.ShapeType, block: kotlin.Function0<kotlin.Unit>): kotlin.Unit [inline] declared in com.webscare.urducanvas.common.utils.ShapeRenderUtils' type=kotlin.Unit origin=null
            ARG <this>: TYPE_OP type=com.webscare.urducanvas.common.utils.ShapeRenderUtils origin=IMPLICIT_CAST typeOperand=com.webscare.urducanvas.common.utils.ShapeRenderUtils
              GET_FIELD 'FIELD FIELD_FOR_OBJECT_INSTANCE name:INSTANCE type:com.webscare.urducanvas.common.utils.ShapeRenderUtils visibility:public [final,static] declared in com.webscare.urducanvas.common.utils.ShapeRenderUtils' type=com.webscare.urducanvas.common.utils.ShapeRenderUtils origin=null
            ARG paint: GET_VAR 'val strokePaint: android.graphics.Paint [val] declared in com.webscare.urducanvas.common.views.CanvasView.drawShapeElement' type=android.graphics.Paint origin=null
            ARG radius: GET_VAR 'val cornerRadius: kotlin.Float [val] declared in com.webscare.urducanvas.common.views.CanvasView.drawShapeElement' type=kotlin.Float origin=null
            ARG shapeType: GET_VAR 'val shapeType: com.webscare.urducanvas.common.canvas.enums.ShapeType [val] declared in com.webscare.urducanvas.common.views.CanvasView.drawShapeElement' type=com.webscare.urducanvas.common.canvas.enums.ShapeType origin=null
            ARG block: BLOCK type=kotlin.Function0<kotlin.Unit> origin=LAMBDA
              COMPOSITE type=kotlin.Unit origin=null
              FUNCTION_REFERENCE 'private final fun drawShapeElement$lambda$201 ($canvas: android.graphics.Canvas, $path: android.graphics.Path, $strokePaint: android.graphics.Paint): kotlin.Unit declared in com.webscare.urducanvas.common.views.CanvasView' type=kotlin.Function0<kotlin.Unit> origin=INLINE_LAMBDA reflectionTarget=null
                ARG $canvas: GET_VAR 'canvas: android.graphics.Canvas declared in com.webscare.urducanvas.common.views.CanvasView.drawShapeElement' type=android.graphics.Canvas origin=null
                ARG $path: GET_VAR 'val path: android.graphics.Path [val] declared in com.webscare.urducanvas.common.views.CanvasView.drawShapeElement' type=android.graphics.Path origin=null
                ARG $strokePaint: GET_VAR 'val strokePaint: android.graphics.Paint [val] declared in com.webscare.urducanvas.common.views.CanvasView.drawShapeElement' type=android.graphics.Paint origin=null

	at org.jetbrains.kotlin.backend.jvm.codegen.FunctionCodegen.generate(FunctionCodegen.kt:50)
	at org.jetbrains.kotlin.backend.jvm.codegen.FunctionCodegen.generate$default(FunctionCodegen.kt:43)
	at org.jetbrains.kotlin.backend.jvm.codegen.ClassCodegen.generateMethodNode(ClassCodegen.kt:422)
	at org.jetbrains.kotlin.backend.jvm.codegen.ClassCodegen.generateMethod(ClassCodegen.kt:439)
	at org.jetbrains.kotlin.backend.jvm.codegen.ClassCodegen.generate(ClassCodegen.kt:164)
	at org.jetbrains.kotlin.backend.jvm.JvmIrCodegenFactory.generateFile(JvmIrCodegenFactory.kt:419)
	at org.jetbrains.kotlin.backend.jvm.JvmIrCodegenFactory.invokeCodegen(JvmIrCodegenFactory.kt:388)
	at org.jetbrains.kotlin.cli.jvm.compiler.KotlinToJVMBytecodeCompiler.runCodegen$cli(KotlinToJVMBytecodeCompiler.kt:431)
	at org.jetbrains.kotlin.cli.pipeline.jvm.JvmBackendPipelinePhase.executePhase(JvmBackendPipelinePhase.kt:95)
	at org.jetbrains.kotlin.cli.pipeline.jvm.JvmBackendPipelinePhase.executePhase(JvmBackendPipelinePhase.kt:36)
	at org.jetbrains.kotlin.cli.pipeline.jvm.JvmBackendPipelinePhase.executePhase(JvmBackendPipelinePhase.kt:29)
	at org.jetbrains.kotlin.cli.pipeline.PipelinePhase.phaseBody(PipelinePhase.kt:68)
	at org.jetbrains.kotlin.cli.pipeline.PipelinePhase.phaseBody(PipelinePhase.kt:58)
	at org.jetbrains.kotlin.config.phaser.NamedCompilerPhase.invoke(CompilerPhase.kt:102)
	at org.jetbrains.kotlin.backend.common.phaser.CompositePhase.invoke(PhaseBuilders.kt:22)
	at org.jetbrains.kotlin.config.phaser.CompilerPhaseKt.invokeToplevel(CompilerPhase.kt:53)
	at org.jetbrains.kotlin.cli.pipeline.AbstractCliPipeline.runPhasedPipeline(AbstractCliPipeline.kt:109)
	at org.jetbrains.kotlin.cli.pipeline.AbstractCliPipeline.execute(AbstractCliPipeline.kt:68)
	at org.jetbrains.kotlin.cli.jvm.K2JVMCompiler.doExecutePhased(K2JVMCompiler.kt:78)
	at org.jetbrains.kotlin.cli.jvm.K2JVMCompiler.doExecutePhased(K2JVMCompiler.kt:44)
	at org.jetbrains.kotlin.cli.common.CLICompiler.execImpl(CLICompiler.kt:90)
	at org.jetbrains.kotlin.cli.common.CLICompiler.exec(CLICompiler.kt:352)
	at org.jetbrains.kotlin.incremental.IncrementalJvmCompilerRunnerBase.runCompiler(IncrementalJvmCompilerRunnerBase.kt:175)
	at org.jetbrains.kotlin.incremental.IncrementalJvmCompilerRunnerBase.runCompiler(IncrementalJvmCompilerRunnerBase.kt:38)
	at org.jetbrains.kotlin.incremental.IncrementalCompilerRunner.doCompile(IncrementalCompilerRunner.kt:504)
	at org.jetbrains.kotlin.incremental.IncrementalCompilerRunner.compileImpl(IncrementalCompilerRunner.kt:421)
	at org.jetbrains.kotlin.incremental.IncrementalCompilerRunner.tryCompileIncrementally$lambda$10$compile(IncrementalCompilerRunner.kt:254)
	at org.jetbrains.kotlin.incremental.IncrementalCompilerRunner.tryCompileIncrementally(IncrementalCompilerRunner.kt:272)
	at org.jetbrains.kotlin.incremental.IncrementalCompilerRunner.compile(IncrementalCompilerRunner.kt:124)
	at org.jetbrains.kotlin.daemon.CompileServiceImplBase.execIncrementalCompiler(CompileServiceImpl.kt:679)
	at org.jetbrains.kotlin.daemon.CompileServiceImplBase.access$execIncrementalCompiler(CompileServiceImpl.kt:93)
	at org.jetbrains.kotlin.daemon.CompileServiceImpl.compile(CompileServiceImpl.kt:1806)
	at java.base/jdk.internal.reflect.DirectMethodHandleAccessor.invoke(Unknown Source)
	at java.base/java.lang.reflect.Method.invoke(Unknown Source)
	at java.rmi/sun.rmi.server.UnicastServerRef.dispatch(Unknown Source)
	at java.rmi/sun.rmi.transport.Transport$1.run(Unknown Source)
	at java.rmi/sun.rmi.transport.Transport$1.run(Unknown Source)
	at java.base/java.security.AccessController.doPrivileged(Unknown Source)
	at java.rmi/sun.rmi.transport.Transport.serviceCall(Unknown Source)
	at java.rmi/sun.rmi.transport.tcp.TCPTransport.handleMessages(Unknown Source)
	at java.rmi/sun.rmi.transport.tcp.TCPTransport$ConnectionHandler.run0(Unknown Source)
	at java.rmi/sun.rmi.transport.tcp.TCPTransport$ConnectionHandler.lambda$run$0(Unknown Source)
	at java.base/java.security.AccessController.doPrivileged(Unknown Source)
	at java.rmi/sun.rmi.transport.tcp.TCPTransport$ConnectionHandler.run(Unknown Source)
	at java.base/java.util.concurrent.ThreadPoolExecutor.runWorker(Unknown Source)
	at java.base/java.util.concurrent.ThreadPoolExecutor$Worker.run(Unknown Source)
	at java.base/java.lang.Thread.run(Unknown Source)
Caused by: org.jetbrains.kotlin.codegen.CompilationException: Back-end (JVM) Internal error: Couldn't inline method call: CALL 'public final fun withCornerEffect (paint: android.graphics.Paint, radius: kotlin.Float, shapeType: com.webscare.urducanvas.common.canvas.enums.ShapeType, block: kotlin.Function0<kotlin.Unit>): kotlin.Unit [inline] declared in com.webscare.urducanvas.common.utils.ShapeRenderUtils' type=kotlin.Unit origin=null
Method: null
File is unknown
The root cause java.io.FileNotFoundException was thrown at: java.base/java.io.IoOverNioFileSystem.convertNioToIoExceptionInStreams(Unknown Source)
	at org.jetbrains.kotlin.backend.jvm.codegen.IrInlineCodegen.genInlineCall(IrInlineCodegen.kt:82)
	at org.jetbrains.kotlin.backend.jvm.codegen.IrInlineCallGenerator.genCall(IrInlineCallGenerator.kt:36)
	at org.jetbrains.kotlin.backend.jvm.codegen.ExpressionCodegen.visitCall(ExpressionCodegen.kt:586)
	at org.jetbrains.kotlin.backend.jvm.codegen.ExpressionCodegen.visitCall(ExpressionCodegen.kt:135)
	at org.jetbrains.kotlin.ir.expressions.IrCall.accept(IrCall.kt:24)
	at org.jetbrains.kotlin.backend.jvm.codegen.ExpressionCodegen.visitStatementContainer(ExpressionCodegen.kt:527)
	at org.jetbrains.kotlin.backend.jvm.codegen.ExpressionCodegen.visitContainerExpression(ExpressionCodegen.kt:541)
	at org.jetbrains.kotlin.backend.jvm.codegen.ExpressionCodegen.visitContainerExpression(ExpressionCodegen.kt:135)
	at org.jetbrains.kotlin.ir.visitors.IrVisitor.visitBlock(IrVisitor.kt:122)
	at org.jetbrains.kotlin.backend.jvm.codegen.ExpressionCodegen.visitBlock(ExpressionCodegen.kt:413)
	at org.jetbrains.kotlin.backend.jvm.codegen.ExpressionCodegen.visitBlock(ExpressionCodegen.kt:135)
	at org.jetbrains.kotlin.ir.expressions.IrBlock.accept(IrBlock.kt:18)
	at org.jetbrains.kotlin.backend.jvm.codegen.ExpressionCodegen.visitWhen(ExpressionCodegen.kt:1049)
	at org.jetbrains.kotlin.backend.jvm.codegen.ExpressionCodegen.visitWhen(ExpressionCodegen.kt:135)
	at org.jetbrains.kotlin.ir.expressions.IrWhen.accept(IrWhen.kt:24)
	at org.jetbrains.kotlin.backend.jvm.codegen.ExpressionCodegen.visitStatementContainer(ExpressionCodegen.kt:527)
	at org.jetbrains.kotlin.backend.jvm.codegen.ExpressionCodegen.visitBlockBody(ExpressionCodegen.kt:532)
	at org.jetbrains.kotlin.backend.jvm.codegen.ExpressionCodegen.visitBlockBody(ExpressionCodegen.kt:135)
	at org.jetbrains.kotlin.ir.expressions.IrBlockBody.accept(IrBlockBody.kt:20)
	at org.jetbrains.kotlin.backend.jvm.codegen.ExpressionCodegen.generate(ExpressionCodegen.kt:233)
	at org.jetbrains.kotlin.backend.jvm.codegen.FunctionCodegen.doGenerate(FunctionCodegen.kt:126)
	at org.jetbrains.kotlin.backend.jvm.codegen.FunctionCodegen.generate(FunctionCodegen.kt:47)
	... 46 more
Caused by: java.io.FileNotFoundException: C:\Users\WebsCare\Documents\GitHub\UrduPhotoDesigner\app\build\intermediates\built_in_kotlinc\devDebug\compileDevDebugKotlin\classes\com\webscare\urducanvas\common\utils\ShapeRenderUtils.class (The system cannot find the path specified)
	at java.base/java.io.IoOverNioFileSystem.convertNioToIoExceptionInStreams(Unknown Source)
	at java.base/java.io.IoOverNioFileSystem.initializeStreamsUsingNio0(Unknown Source)
	at java.base/java.io.IoOverNioFileSystem.initializeStreamUsingNio(Unknown Source)
	at java.base/java.io.FileInputStream.<init>(Unknown Source)
	at org.jetbrains.kotlin.com.intellij.openapi.util.io.FileUtil.loadFileBytes(FileUtil.java:187)
	at org.jetbrains.kotlin.cli.common.localfs.KotlinLocalVirtualFile.contentsToByteArray(KotlinLocalVirtualFile.kt:108)
	at org.jetbrains.kotlin.codegen.inline.SourceCompilerForInlineKt.loadCompiledInlineFunction$lambda$2$lambda$1(SourceCompilerForInline.kt:95)
	at org.jetbrains.kotlin.codegen.inline.InlineCache.computeClassBytes(InlineCache.kt:82)
	at org.jetbrains.kotlin.codegen.inline.SourceCompilerForInlineKt.loadCompiledInlineFunction$lambda$2(SourceCompilerForInline.kt:94)
	at org.jetbrains.kotlin.codegen.inline.InlineCache.computeMethodBytes(InlineCache.kt:90)
	at org.jetbrains.kotlin.codegen.inline.SourceCompilerForInlineKt.loadCompiledInlineFunction(SourceCompilerForInline.kt:93)
	at org.jetbrains.kotlin.backend.jvm.codegen.IrSourceCompilerForInline.compileInlineFunction(IrSourceCompilerForInline.kt:96)
	at org.jetbrains.kotlin.backend.jvm.codegen.IrInlineCodegen.genInlineCall(IrInlineCodegen.kt:65)
	... 67 more
Caused by: java.nio.file.NoSuchFileException: C:\Users\WebsCare\Documents\GitHub\UrduPhotoDesigner\app\build\intermediates\built_in_kotlinc\devDebug\compileDevDebugKotlin\classes\com\webscare\urducanvas\common\utils\ShapeRenderUtils.class
	at java.base/sun.nio.fs.WindowsException.translateToIOException(Unknown Source)
	at java.base/sun.nio.fs.WindowsException.rethrowAsIOException(Unknown Source)
	at java.base/sun.nio.fs.WindowsException.rethrowAsIOException(Unknown Source)
	at java.base/sun.nio.fs.WindowsFileSystemProvider.newFileChannel(Unknown Source)
	... 79 more


error message: Daemon compilation failed: null
java.lang.Exception
	at org.jetbrains.kotlin.daemon.common.CompileService$CallResult$Error.get(CompileService.kt:69)
	at org.jetbrains.kotlin.daemon.common.CompileService$CallResult$Error.get(CompileService.kt:65)
	at org.jetbrains.kotlin.compilerRunner.GradleKotlinCompilerWork.compileWithDaemon(GradleKotlinCompilerWork.kt:240)
	at org.jetbrains.kotlin.compilerRunner.GradleKotlinCompilerWork.compileWithDaemonOrFallbackImpl(GradleKotlinCompilerWork.kt:159)
	at org.jetbrains.kotlin.compilerRunner.GradleKotlinCompilerWork.run(GradleKotlinCompilerWork.kt:111)
	at org.jetbrains.kotlin.compilerRunner.GradleCompilerRunnerWithWorkers$GradleKotlinCompilerWorkAction.execute(GradleCompilerRunnerWithWorkers.kt:74)
	at org.gradle.workers.internal.DefaultWorkerServer.execute(DefaultWorkerServer.java:68)
	at org.gradle.workers.internal.NoIsolationWorkerFactory$1$1.create(NoIsolationWorkerFactory.java:64)
	at org.gradle.workers.internal.NoIsolationWorkerFactory$1$1.create(NoIsolationWorkerFactory.java:61)
	at org.gradle.internal.classloader.ClassLoaderUtils.executeInClassloader(ClassLoaderUtils.java:102)
	at org.gradle.workers.internal.NoIsolationWorkerFactory$1.lambda$execute$0(NoIsolationWorkerFactory.java:61)
	at org.gradle.workers.internal.AbstractWorker$1.call(AbstractWorker.java:44)
	at org.gradle.workers.internal.AbstractWorker$1.call(AbstractWorker.java:41)
	at org.gradle.internal.operations.DefaultBuildOperationRunner$CallableBuildOperationWorker.execute(DefaultBuildOperationRunner.java:210)
	at org.gradle.internal.operations.DefaultBuildOperationRunner$CallableBuildOperationWorker.execute(DefaultBuildOperationRunner.java:205)
	at org.gradle.internal.operations.DefaultBuildOperationRunner$2.execute(DefaultBuildOperationRunner.java:67)
	at org.gradle.internal.operations.DefaultBuildOperationRunner$2.execute(DefaultBuildOperationRunner.java:60)
	at org.gradle.internal.operations.DefaultBuildOperationRunner.execute(DefaultBuildOperationRunner.java:167)
	at org.gradle.internal.operations.DefaultBuildOperationRunner.execute(DefaultBuildOperationRunner.java:60)
	at org.gradle.internal.operations.DefaultBuildOperationRunner.call(DefaultBuildOperationRunner.java:54)
	at org.gradle.workers.internal.AbstractWorker.executeWrappedInBuildOperation(AbstractWorker.java:41)
	at org.gradle.workers.internal.NoIsolationWorkerFactory$1.execute(NoIsolationWorkerFactory.java:58)
	at org.gradle.workers.internal.DefaultWorkerExecutor.lambda$submitWork$0(DefaultWorkerExecutor.java:174)
	at java.base/java.util.concurrent.FutureTask.run(Unknown Source)
	at org.gradle.internal.work.DefaultConditionalExecutionQueue$ExecutionRunner.runExecution(DefaultConditionalExecutionQueue.java:191)
	at org.gradle.internal.work.DefaultConditionalExecutionQueue$ExecutionRunner.access$500(DefaultConditionalExecutionQueue.java:112)
	at org.gradle.internal.work.DefaultConditionalExecutionQueue$ExecutionRunner$1.run(DefaultConditionalExecutionQueue.java:168)
	at org.gradle.internal.Factories$1.create(Factories.java:30)
	at org.gradle.internal.work.DefaultWorkerLeaseService.lambda$runAndReleaseLocks$0(DefaultWorkerLeaseService.java:300)
	at org.gradle.internal.work.ResourceLockStatistics$1.measure(ResourceLockStatistics.java:43)
	at org.gradle.internal.work.DefaultWorkerLeaseService.runAndReleaseLocks(DefaultWorkerLeaseService.java:298)
	at org.gradle.internal.work.DefaultWorkerLeaseService.withLocksAcquired(DefaultWorkerLeaseService.java:294)
	at org.gradle.internal.work.DefaultWorkerLeaseService.withLocks(DefaultWorkerLeaseService.java:286)
	at org.gradle.internal.work.DefaultWorkerLeaseService.runAsWorkerThread(DefaultWorkerLeaseService.java:130)
	at org.gradle.internal.work.DefaultWorkerLeaseService.runAsWorkerThread(DefaultWorkerLeaseService.java:135)
	at org.gradle.internal.work.DefaultConditionalExecutionQueue$ExecutionRunner.runBatch(DefaultConditionalExecutionQueue.java:163)
	at org.gradle.internal.work.DefaultConditionalExecutionQueue$ExecutionRunner.run(DefaultConditionalExecutionQueue.java:125)
	at java.base/java.util.concurrent.Executors$RunnableAdapter.call(Unknown Source)
	at java.base/java.util.concurrent.FutureTask.run(Unknown Source)
	at org.gradle.internal.concurrent.ExecutorPolicy$CatchAndRecordFailures.onExecute(ExecutorPolicy.java:64)
	at org.gradle.internal.concurrent.AbstractManagedExecutor$1.run(AbstractManagedExecutor.java:47)
	at java.base/java.util.concurrent.ThreadPoolExecutor.runWorker(Unknown Source)
	at java.base/java.util.concurrent.ThreadPoolExecutor$Worker.run(Unknown Source)
	at java.base/java.lang.Thread.run(Unknown Source)
Caused by: java.nio.file.NoSuchFileException: C:\Users\WebsCare\AppData\Local\Temp\kotlin-backups6979620873060520047\4.backup -> C:\Users\WebsCare\Documents\GitHub\UrduPhotoDesigner\app\build\intermediates\built_in_kotlinc\devDebug\compileDevDebugKotlin\classes\com\webscare\urducanvas\common\views\CanvasView$enableColorPicker$1.class
	at java.base/sun.nio.fs.WindowsException.translateToIOException(Unknown Source)
	at java.base/sun.nio.fs.WindowsException.rethrowAsIOException(Unknown Source)
	at java.base/sun.nio.fs.WindowsFileCopy.move(Unknown Source)
	at java.base/sun.nio.fs.WindowsFileSystemProvider.move(Unknown Source)
	at java.base/java.nio.file.Files.move(Unknown Source)
	at org.jetbrains.kotlin.incremental.RecoverableCompilationTransaction.revertChanges(CompilationTransaction.kt:231)
	at org.jetbrains.kotlin.incremental.RecoverableCompilationTransaction.close(CompilationTransaction.kt:256)
	at org.jetbrains.kotlin.incremental.IncrementalCompilerRunner.tryCompileIncrementally(IncrementalCompilerRunner.kt:740)
	at org.jetbrains.kotlin.incremental.IncrementalCompilerRunner.compile(IncrementalCompilerRunner.kt:124)
	at org.jetbrains.kotlin.daemon.CompileServiceImplBase.execIncrementalCompiler(CompileServiceImpl.kt:679)
	at org.jetbrains.kotlin.daemon.CompileServiceImplBase.access$execIncrementalCompiler(CompileServiceImpl.kt:93)
	at org.jetbrains.kotlin.daemon.CompileServiceImpl.compile(CompileServiceImpl.kt:1806)
	at java.base/jdk.internal.reflect.DirectMethodHandleAccessor.invoke(Unknown Source)
	at java.base/java.lang.reflect.Method.invoke(Unknown Source)
	at java.rmi/sun.rmi.server.UnicastServerRef.dispatch(Unknown Source)
	at java.rmi/sun.rmi.transport.Transport$1.run(Unknown Source)
	at java.rmi/sun.rmi.transport.Transport$1.run(Unknown Source)
	at java.base/java.security.AccessController.doPrivileged(Unknown Source)
	at java.rmi/sun.rmi.transport.Transport.serviceCall(Unknown Source)
	at java.rmi/sun.rmi.transport.tcp.TCPTransport.handleMessages(Unknown Source)
	at java.rmi/sun.rmi.transport.tcp.TCPTransport$ConnectionHandler.run0(Unknown Source)
	at java.rmi/sun.rmi.transport.tcp.TCPTransport$ConnectionHandler.lambda$run$0(Unknown Source)
	at java.base/java.security.AccessController.doPrivileged(Unknown Source)
	at java.rmi/sun.rmi.transport.tcp.TCPTransport$ConnectionHandler.run(Unknown Source)
	... 3 more


