kotlin version: 2.2.10
error message: org.jetbrains.kotlin.util.FileAnalysisException: While analysing C:/Users/WebsCare/Documents/GitHub/UrduPhotoDesigner/app/src/main/java/com/webscare/urducanvas/ui/editor/EditorFragment.kt:183:9: java.lang.RuntimeException: java.io.FileNotFoundException: C:\Users\WebsCare\Documents\GitHub\UrduPhotoDesigner\app\build\intermediates\built_in_kotlinc\devDebug\compileDevDebugKotlin\classes\com\webscare\urducanvas\common\views\GestureFrameLayout.class (The system cannot find the path specified)
	at org.jetbrains.kotlin.util.AnalysisExceptionsKt.wrapIntoFileAnalysisExceptionIfNeeded(AnalysisExceptions.kt:57)
	at org.jetbrains.kotlin.fir.FirCliExceptionHandler.handleExceptionOnFileAnalysis(Utils.kt:257)
	at org.jetbrains.kotlin.fir.resolve.transformers.body.resolve.FirDeclarationsResolveTransformer.transformFile(FirDeclarationsResolveTransformer.kt:1870)
	at org.jetbrains.kotlin.fir.resolve.transformers.body.resolve.FirAbstractBodyResolveTransformerDispatcher.transformFile(FirAbstractBodyResolveTransformerDispatcher.kt:60)
	at org.jetbrains.kotlin.fir.resolve.transformers.body.resolve.FirAbstractBodyResolveTransformerDispatcher.transformFile(FirAbstractBodyResolveTransformerDispatcher.kt:27)
	at org.jetbrains.kotlin.fir.declarations.FirFile.transform(FirFile.kt:47)
	at org.jetbrains.kotlin.fir.resolve.transformers.body.resolve.FirBodyResolveTransformerAdapter.transformFile(FirBodyResolveTransformerAdapters.kt:41)
	at org.jetbrains.kotlin.fir.declarations.FirFile.transform(FirFile.kt:47)
	at org.jetbrains.kotlin.fir.resolve.transformers.FirTransformerBasedResolveProcessor.processFile(FirResolveProcessor.kt:48)
	at org.jetbrains.kotlin.fir.resolve.transformers.FirTotalResolveProcessor.process(FirTotalResolveProcessor.kt:36)
	at org.jetbrains.kotlin.fir.pipeline.AnalyseKt.runResolution(analyse.kt:24)
	at org.jetbrains.kotlin.fir.pipeline.FirUtilsKt.resolveAndCheckFir(firUtils.kt:76)
	at org.jetbrains.kotlin.cli.pipeline.jvm.JvmFrontendPipelinePhase.executePhase(JvmFrontendPipelinePhase.kt:174)
	at org.jetbrains.kotlin.cli.pipeline.jvm.JvmFrontendPipelinePhase.executePhase(JvmFrontendPipelinePhase.kt:56)
	at org.jetbrains.kotlin.cli.pipeline.PipelinePhase.phaseBody(PipelinePhase.kt:68)
	at org.jetbrains.kotlin.cli.pipeline.PipelinePhase.phaseBody(PipelinePhase.kt:58)
	at org.jetbrains.kotlin.config.phaser.NamedCompilerPhase.invoke(CompilerPhase.kt:102)
	at org.jetbrains.kotlin.backend.common.phaser.CompositePhase.invoke(PhaseBuilders.kt:22)
	at org.jetbrains.kotlin.config.phaser.CompilerPhaseKt.invokeToplevel(CompilerPhase.kt:53)
	at org.jetbrains.kotlin.cli.pipeline.AbstractCliPipeline.runPhasedPipeline(AbstractCliPipeline.kt:109)
	at org.jetbrains.kotlin.cli.pipeline.AbstractCliPipeline.execute(AbstractCliPipeline.kt:68)
	at org.jetbrains.kotlin.cli.jvm.K2JVMCompiler.doExecutePhased(K2JVMCompiler.kt:78)
	at org.jetbrains.kotlin.cli.jvm.K2JVMCompiler.doExecutePhased(K2JVMCompiler.kt:44)
	at org.jetbrains.kotlin.cli.common.CLICompiler.execImpl(CLICompiler.kt:90)
	at org.jetbrains.kotlin.cli.common.CLICompiler.exec(CLICompiler.kt:352)
	at org.jetbrains.kotlin.incremental.IncrementalJvmCompilerRunnerBase.runCompiler(IncrementalJvmCompilerRunnerBase.kt:175)
	at org.jetbrains.kotlin.incremental.IncrementalJvmCompilerRunnerBase.runCompiler(IncrementalJvmCompilerRunnerBase.kt:38)
	at org.jetbrains.kotlin.incremental.IncrementalCompilerRunner.doCompile(IncrementalCompilerRunner.kt:504)
	at org.jetbrains.kotlin.incremental.IncrementalCompilerRunner.compileImpl(IncrementalCompilerRunner.kt:421)
	at org.jetbrains.kotlin.incremental.IncrementalCompilerRunner.tryCompileIncrementally$lambda$10$compile(IncrementalCompilerRunner.kt:254)
	at org.jetbrains.kotlin.incremental.IncrementalCompilerRunner.tryCompileIncrementally(IncrementalCompilerRunner.kt:272)
	at org.jetbrains.kotlin.incremental.IncrementalCompilerRunner.compile(IncrementalCompilerRunner.kt:124)
	at org.jetbrains.kotlin.daemon.CompileServiceImplBase.execIncrementalCompiler(CompileServiceImpl.kt:679)
	at org.jetbrains.kotlin.daemon.CompileServiceImplBase.access$execIncrementalCompiler(CompileServiceImpl.kt:93)
	at org.jetbrains.kotlin.daemon.CompileServiceImpl.compile(CompileServiceImpl.kt:1806)
	at java.base/jdk.internal.reflect.DirectMethodHandleAccessor.invoke(Unknown Source)
	at java.base/java.lang.reflect.Method.invoke(Unknown Source)
	at java.rmi/sun.rmi.server.UnicastServerRef.dispatch(Unknown Source)
	at java.rmi/sun.rmi.transport.Transport$1.run(Unknown Source)
	at java.rmi/sun.rmi.transport.Transport$1.run(Unknown Source)
	at java.base/java.security.AccessController.doPrivileged(Unknown Source)
	at java.rmi/sun.rmi.transport.Transport.serviceCall(Unknown Source)
	at java.rmi/sun.rmi.transport.tcp.TCPTransport.handleMessages(Unknown Source)
	at java.rmi/sun.rmi.transport.tcp.TCPTransport$ConnectionHandler.run0(Unknown Source)
	at java.rmi/sun.rmi.transport.tcp.TCPTransport$ConnectionHandler.lambda$run$0(Unknown Source)
	at java.base/java.security.AccessController.doPrivileged(Unknown Source)
	at java.rmi/sun.rmi.transport.tcp.TCPTransport$ConnectionHandler.run(Unknown Source)
	at java.base/java.util.concurrent.ThreadPoolExecutor.runWorker(Unknown Source)
	at java.base/java.util.concurrent.ThreadPoolExecutor$Worker.run(Unknown Source)
	at java.base/java.lang.Thread.run(Unknown Source)
Caused by: java.lang.RuntimeException: java.io.FileNotFoundException: C:\Users\WebsCare\Documents\GitHub\UrduPhotoDesigner\app\build\intermediates\built_in_kotlinc\devDebug\compileDevDebugKotlin\classes\com\webscare\urducanvas\common\views\GestureFrameLayout.class (The system cannot find the path specified)
	at org.jetbrains.kotlin.com.intellij.psi.stubs.CoreStubTreeLoader.build(CoreStubTreeLoader.java:44)
	at org.jetbrains.kotlin.com.intellij.psi.stubs.CoreStubTreeLoader.readOrBuild(CoreStubTreeLoader.java:29)
	at org.jetbrains.kotlin.com.intellij.psi.impl.compiled.ClsFileImpl.getStubTree(ClsFileImpl.java:482)
	at org.jetbrains.kotlin.com.intellij.psi.impl.compiled.ClsFileImpl.getStub(ClsFileImpl.java:451)
	at org.jetbrains.kotlin.com.intellij.psi.impl.compiled.ClsFileImpl.getClasses(ClsFileImpl.java:136)
	at org.jetbrains.kotlin.cli.jvm.compiler.KotlinCliJavaFileManagerImpl$Companion.findClassInPsiFile(KotlinCliJavaFileManagerImpl.kt:318)
	at org.jetbrains.kotlin.cli.jvm.compiler.KotlinCliJavaFileManagerImpl$Companion.access$findClassInPsiFile(KotlinCliJavaFileManagerImpl.kt:314)
	at org.jetbrains.kotlin.cli.jvm.compiler.KotlinCliJavaFileManagerImpl.findPsiClassInVirtualFile(KotlinCliJavaFileManagerImpl.kt:284)
	at org.jetbrains.kotlin.cli.jvm.compiler.KotlinCliJavaFileManagerImpl.findPsiClass$lambda$0(KotlinCliJavaFileManagerImpl.kt:89)
	at org.jetbrains.kotlin.util.PerformanceManager.measureSideTime$compiler_common(PerformanceManager.kt:270)
	at org.jetbrains.kotlin.util.PerformanceManagerKt.tryMeasureSideTime(PerformanceManager.kt:323)
	at org.jetbrains.kotlin.cli.jvm.compiler.KotlinCliJavaFileManagerImpl.findPsiClass(KotlinCliJavaFileManagerImpl.kt:88)
	at org.jetbrains.kotlin.cli.jvm.compiler.KotlinCliJavaFileManagerImpl.findClass(KotlinCliJavaFileManagerImpl.kt:180)
	at org.jetbrains.kotlin.com.intellij.psi.impl.PsiElementFinderImpl.findClass(PsiElementFinderImpl.java:40)
	at org.jetbrains.kotlin.com.intellij.psi.impl.JavaPsiFacadeImpl.doFindClass(JavaPsiFacadeImpl.java:95)
	at org.jetbrains.kotlin.com.intellij.psi.impl.JavaPsiFacadeImpl.findClass(JavaPsiFacadeImpl.java:73)
	at org.jetbrains.kotlin.com.intellij.psi.impl.source.PsiJavaCodeReferenceElementImpl.resolve(PsiJavaCodeReferenceElementImpl.java:443)
	at org.jetbrains.kotlin.com.intellij.psi.impl.source.PsiJavaCodeReferenceElementImpl.access$100(PsiJavaCodeReferenceElementImpl.java:44)
	at org.jetbrains.kotlin.com.intellij.psi.impl.source.PsiJavaCodeReferenceElementImpl$OurGenericsResolver.resolve(PsiJavaCodeReferenceElementImpl.java:378)
	at org.jetbrains.kotlin.com.intellij.psi.impl.source.PsiJavaCodeReferenceElementImpl$OurGenericsResolver.resolve(PsiJavaCodeReferenceElementImpl.java:371)
	at org.jetbrains.kotlin.com.intellij.psi.impl.source.resolve.ResolveCache.lambda$resolveWithCaching$2(ResolveCache.java:174)
	at org.jetbrains.kotlin.com.intellij.openapi.util.Computable.get(Computable.java:16)
	at org.jetbrains.kotlin.com.intellij.psi.impl.source.resolve.ResolveCache.lambda$loggingResolver$4(ResolveCache.java:234)
	at org.jetbrains.kotlin.com.intellij.openapi.util.RecursionManager$1.computePreventingRecursion(RecursionManager.java:111)
	at org.jetbrains.kotlin.com.intellij.openapi.util.RecursionGuard.doPreventingRecursion(RecursionGuard.java:27)
	at org.jetbrains.kotlin.com.intellij.openapi.util.RecursionManager.doPreventingRecursion(RecursionManager.java:66)
	at org.jetbrains.kotlin.com.intellij.psi.impl.source.resolve.ResolveCache.resolve(ResolveCache.java:212)
	at org.jetbrains.kotlin.com.intellij.psi.impl.source.resolve.ResolveCache.resolveWithCaching(ResolveCache.java:174)
	at org.jetbrains.kotlin.com.intellij.psi.impl.PsiImplUtil.multiResolveImpl(PsiImplUtil.java:854)
	at org.jetbrains.kotlin.com.intellij.psi.impl.PsiImplUtil.multiResolveImpl(PsiImplUtil.java:846)
	at org.jetbrains.kotlin.com.intellij.psi.impl.PsiImplUtil.multiResolveImpl(PsiImplUtil.java:822)
	at org.jetbrains.kotlin.com.intellij.psi.impl.source.PsiJavaCodeReferenceElementImpl.multiResolve(PsiJavaCodeReferenceElementImpl.java:426)
	at org.jetbrains.kotlin.com.intellij.psi.impl.source.PsiJavaCodeReferenceElementImpl.advancedResolve(PsiJavaCodeReferenceElementImpl.java:420)
	at org.jetbrains.kotlin.com.intellij.psi.impl.source.PsiJavaCodeReferenceElementImpl.resolve(PsiJavaCodeReferenceElementImpl.java:355)
	at org.jetbrains.kotlin.com.intellij.psi.impl.source.PsiImportStatementBaseImpl.resolve(PsiImportStatementBaseImpl.java:61)
	at org.jetbrains.kotlin.com.intellij.psi.impl.source.PsiJavaFileBaseImpl.findExplicitDeclarations(PsiJavaFileBaseImpl.java:366)
	at org.jetbrains.kotlin.com.intellij.psi.impl.source.PsiJavaFileBaseImpl.lambda$findEnumeratedDeclarations$1(PsiJavaFileBaseImpl.java:351)
	at org.jetbrains.kotlin.com.intellij.openapi.util.NotNullLazyValue$4.compute(NotNullLazyValue.java:119)
	at org.jetbrains.kotlin.com.intellij.openapi.util.NotNullLazyValue$4.getValue(NotNullLazyValue.java:104)
	at org.jetbrains.kotlin.com.intellij.psi.impl.source.PsiJavaFileBaseImpl.lambda$findEnumeratedDeclarations$2(PsiJavaFileBaseImpl.java:352)
	at org.jetbrains.kotlin.com.intellij.util.containers.ContainerUtil.process(ContainerUtil.java:813)
	at org.jetbrains.kotlin.com.intellij.psi.impl.source.PsiJavaFileBaseImpl.processDeclarations(PsiJavaFileBaseImpl.java:300)
	at org.jetbrains.kotlin.com.intellij.psi.scope.util.PsiScopesUtil.treeWalkUp(PsiScopesUtil.java:61)
	at org.jetbrains.kotlin.com.intellij.psi.scope.util.PsiScopesUtil.treeWalkUp(PsiScopesUtil.java:40)
	at org.jetbrains.kotlin.com.intellij.psi.scope.util.PsiScopesUtil.resolveAndWalk(PsiScopesUtil.java:207)
	at org.jetbrains.kotlin.com.intellij.psi.scope.util.PsiScopesUtil.resolveAndWalk(PsiScopesUtil.java:136)
	at org.jetbrains.kotlin.com.intellij.psi.impl.source.PsiJavaCodeReferenceElementImpl.resolve(PsiJavaCodeReferenceElementImpl.java:492)
	at org.jetbrains.kotlin.com.intellij.psi.impl.source.PsiJavaCodeReferenceElementImpl.access$100(PsiJavaCodeReferenceElementImpl.java:44)
	at org.jetbrains.kotlin.com.intellij.psi.impl.source.PsiJavaCodeReferenceElementImpl$OurGenericsResolver.resolve(PsiJavaCodeReferenceElementImpl.java:378)
	at org.jetbrains.kotlin.com.intellij.psi.impl.source.PsiJavaCodeReferenceElementImpl$OurGenericsResolver.resolve(PsiJavaCodeReferenceElementImpl.java:371)
	at org.jetbrains.kotlin.com.intellij.psi.impl.source.resolve.ResolveCache.lambda$resolveWithCaching$2(ResolveCache.java:174)
	at org.jetbrains.kotlin.com.intellij.openapi.util.Computable.get(Computable.java:16)
	at org.jetbrains.kotlin.com.intellij.psi.impl.source.resolve.ResolveCache.lambda$loggingResolver$4(ResolveCache.java:234)
	at org.jetbrains.kotlin.com.intellij.openapi.util.RecursionManager$1.computePreventingRecursion(RecursionManager.java:111)
	at org.jetbrains.kotlin.com.intellij.openapi.util.RecursionGuard.doPreventingRecursion(RecursionGuard.java:27)
	at org.jetbrains.kotlin.com.intellij.openapi.util.RecursionManager.doPreventingRecursion(RecursionManager.java:66)
	at org.jetbrains.kotlin.com.intellij.psi.impl.source.resolve.ResolveCache.resolve(ResolveCache.java:212)
	at org.jetbrains.kotlin.com.intellij.psi.impl.source.resolve.ResolveCache.resolveWithCaching(ResolveCache.java:174)
	at org.jetbrains.kotlin.com.intellij.psi.impl.PsiImplUtil.multiResolveImpl(PsiImplUtil.java:854)
	at org.jetbrains.kotlin.com.intellij.psi.impl.PsiImplUtil.multiResolveImpl(PsiImplUtil.java:846)
	at org.jetbrains.kotlin.com.intellij.psi.impl.PsiImplUtil.multiResolveImpl(PsiImplUtil.java:822)
	at org.jetbrains.kotlin.com.intellij.psi.impl.source.PsiJavaCodeReferenceElementImpl.multiResolve(PsiJavaCodeReferenceElementImpl.java:426)
	at org.jetbrains.kotlin.com.intellij.psi.impl.source.PsiJavaCodeReferenceElementImpl.advancedResolve(PsiJavaCodeReferenceElementImpl.java:420)
	at org.jetbrains.kotlin.com.intellij.psi.impl.source.PsiClassReferenceType.resolveGenerics(PsiClassReferenceType.java:183)
	at org.jetbrains.kotlin.load.java.structure.impl.JavaClassifierTypeImpl.computeResolveResult(JavaClassifierTypeImpl.kt:114)
	at org.jetbrains.kotlin.load.java.structure.impl.JavaClassifierTypeImpl.resolve(JavaClassifierTypeImpl.kt:101)
	at org.jetbrains.kotlin.load.java.structure.impl.JavaClassifierTypeImpl.getClassifier(JavaClassifierTypeImpl.kt:33)
	at org.jetbrains.kotlin.load.java.structure.impl.JavaClassifierTypeImpl.getClassifier(JavaClassifierTypeImpl.kt:25)
	at org.jetbrains.kotlin.fir.java.JavaTypeConversionKt.toConeKotlinTypeForFlexibleBound(JavaTypeConversion.kt:208)
	at org.jetbrains.kotlin.fir.java.JavaTypeConversionKt.toConeKotlinTypeForFlexibleBound$default(JavaTypeConversion.kt:200)
	at org.jetbrains.kotlin.fir.java.JavaTypeConversionKt.toConeTypeProjection(JavaTypeConversion.kt:118)
	at org.jetbrains.kotlin.fir.java.JavaTypeConversionKt.toConeKotlinType(JavaTypeConversion.kt:91)
	at org.jetbrains.kotlin.fir.java.JavaTypeConversionKt.toConeKotlinType$default(JavaTypeConversion.kt:86)
	at org.jetbrains.kotlin.fir.java.JavaTypeConversionKt.toFirResolvedTypeRef(JavaTypeConversion.kt:79)
	at org.jetbrains.kotlin.fir.java.JavaTypeConversionKt.resolveIfJavaType(JavaTypeConversion.kt:55)
	at org.jetbrains.kotlin.fir.java.JavaTypeConversionKt.toConeKotlinTypeProbablyFlexible(JavaTypeConversion.kt:64)
	at org.jetbrains.kotlin.fir.java.enhancement.FirSignatureEnhancement.toConeKotlinType(SignatureEnhancement.kt:1030)
	at org.jetbrains.kotlin.fir.java.enhancement.FirSignatureEnhancement.enhance(SignatureEnhancement.kt:1019)
	at org.jetbrains.kotlin.fir.java.enhancement.FirSignatureEnhancement.enhance(SignatureEnhancement.kt:1012)
	at org.jetbrains.kotlin.fir.java.enhancement.FirSignatureEnhancement.enhanceReturnType(SignatureEnhancement.kt:908)
	at org.jetbrains.kotlin.fir.java.enhancement.FirSignatureEnhancement.enhanceReturnType(SignatureEnhancement.kt:857)
	at org.jetbrains.kotlin.fir.java.enhancement.FirSignatureEnhancement.enhance$fir_jvm(SignatureEnhancement.kt:167)
	at org.jetbrains.kotlin.fir.java.enhancement.FirEnhancedSymbolsStorage$EnhancementSymbolsCache.enhancedVariables$lambda$6(SignatureEnhancement.kt:1149)
	at org.jetbrains.kotlin.fir.caches.FirThreadUnsafeCache.getValue(FirThreadUnsafeCachesFactory.kt:57)
	at org.jetbrains.kotlin.fir.java.enhancement.FirSignatureEnhancement.enhancedProperty(SignatureEnhancement.kt:137)
	at org.jetbrains.kotlin.fir.java.scopes.JavaClassMembersEnhancementScope.processPropertiesByName$lambda$1(JavaClassMembersEnhancementScope.kt:33)
	at org.jetbrains.kotlin.fir.scopes.impl.AbstractFirUseSiteMemberScope.processPropertiesByName(AbstractFirUseSiteMemberScope.kt:159)
	at org.jetbrains.kotlin.fir.java.scopes.JavaClassMembersEnhancementScope.processPropertiesByName(JavaClassMembersEnhancementScope.kt:32)
	at org.jetbrains.kotlin.fir.resolve.calls.tower.DispatchReceiverMemberScopeTowerLevel.processPropertiesByName$lambda$10(TowerLevels.kt:310)
	at org.jetbrains.kotlin.fir.resolve.calls.tower.DispatchReceiverMemberScopeTowerLevel.processMembers(TowerLevels.kt:526)
	at org.jetbrains.kotlin.fir.resolve.calls.tower.DispatchReceiverMemberScopeTowerLevel.processPropertiesByName(TowerLevels.kt:308)
	at org.jetbrains.kotlin.fir.resolve.calls.tower.TowerLevelHandler.handleLevel(TowerLevelHandler.kt:50)
	at org.jetbrains.kotlin.fir.resolve.calls.tower.FirBaseTowerResolveTask.processLevel(FirTowerResolveTask.kt:204)
	at org.jetbrains.kotlin.fir.resolve.calls.tower.FirBaseTowerResolveTask.access$processLevel(FirTowerResolveTask.kt:62)
	at org.jetbrains.kotlin.fir.resolve.calls.tower.FirTowerResolveTask.runResolverForExpressionReceiver(FirTowerResolveTask.kt:551)
	at org.jetbrains.kotlin.fir.resolve.calls.tower.FirTowerResolveTask.runResolverForExpressionReceiver$default(FirTowerResolveTask.kt:292)
	at org.jetbrains.kotlin.fir.resolve.calls.tower.FirTowerResolver$enqueueResolutionTasks$4.invokeSuspend(FirTowerResolver.kt:91)
	at kotlin.coroutines.jvm.internal.BaseContinuationImpl.resumeWith(ContinuationImpl.kt:33)
	at org.jetbrains.kotlin.fir.resolve.calls.tower.TowerResolveManager.resumeTask(TowerResolveManager.kt:77)
	at org.jetbrains.kotlin.fir.resolve.calls.tower.TowerResolveManager.runTasks(TowerResolveManager.kt:83)
	at org.jetbrains.kotlin.fir.resolve.calls.tower.FirTowerResolver.runResolver(FirTowerResolver.kt:52)
	at org.jetbrains.kotlin.fir.resolve.calls.tower.FirTowerResolver.runResolver$default(FirTowerResolver.kt:41)
	at org.jetbrains.kotlin.fir.resolve.calls.tower.FirTowerResolver.runResolver(FirTowerResolver.kt:38)
	at org.jetbrains.kotlin.fir.resolve.calls.FirCallResolver.collectCandidates(FirCallResolver.kt:209)
	at org.jetbrains.kotlin.fir.resolve.calls.FirCallResolver.collectCandidates$default(FirCallResolver.kt:174)
	at org.jetbrains.kotlin.fir.resolve.calls.FirCallResolver.resolveVariableAccessAndSelectCandidateImpl$lambda$7(FirCallResolver.kt:282)
	at kotlin.UnsafeLazyImpl.getValue(Lazy.kt:100)
	at org.jetbrains.kotlin.fir.resolve.calls.FirCallResolver.resolveVariableAccessAndSelectCandidateImpl$lambda$8(FirCallResolver.kt:281)
	at org.jetbrains.kotlin.fir.resolve.calls.FirCallResolver.resolveVariableAccessAndSelectCandidateImpl(FirCallResolver.kt:311)
	at org.jetbrains.kotlin.fir.resolve.calls.FirCallResolver.resolveVariableAccessAndSelectCandidate(FirCallResolver.kt:258)
	at org.jetbrains.kotlin.fir.resolve.transformers.body.resolve.FirExpressionsResolveTransformer.resolveQualifiedAccessAndSelectCandidate(FirExpressionsResolveTransformer.kt:321)
	at org.jetbrains.kotlin.fir.resolve.transformers.body.resolve.FirExpressionsResolveTransformer.transformQualifiedAccessExpression(FirExpressionsResolveTransformer.kt:183)
	at org.jetbrains.kotlin.fir.resolve.transformers.body.resolve.FirExpressionsResolveTransformer.transformAsExplicitReceiver(FirExpressionsResolveTransformer.kt:300)
	at org.jetbrains.kotlin.fir.resolve.transformers.body.resolve.FirExpressionsResolveTransformer.transformExplicitReceiverOf(FirExpressionsResolveTransformer.kt:288)
	at org.jetbrains.kotlin.fir.resolve.calls.FirCallResolver.resolveVariableAccessAndSelectCandidateImpl(FirCallResolver.kt:278)
	at org.jetbrains.kotlin.fir.resolve.calls.FirCallResolver.resolveVariableAccessAndSelectCandidate(FirCallResolver.kt:258)
	at org.jetbrains.kotlin.fir.resolve.transformers.body.resolve.FirExpressionsResolveTransformer.resolveQualifiedAccessAndSelectCandidate(FirExpressionsResolveTransformer.kt:321)
	at org.jetbrains.kotlin.fir.resolve.transformers.body.resolve.FirExpressionsResolveTransformer.transformQualifiedAccessExpression(FirExpressionsResolveTransformer.kt:183)
	at org.jetbrains.kotlin.fir.resolve.transformers.body.resolve.FirExpressionsResolveTransformer.transformQualifiedAccessExpression(FirExpressionsResolveTransformer.kt:101)
	at org.jetbrains.kotlin.fir.resolve.transformers.body.resolve.FirAbstractBodyResolveTransformerDispatcher.transformPropertyAccessExpression(FirAbstractBodyResolveTransformerDispatcher.kt:177)
	at org.jetbrains.kotlin.fir.resolve.transformers.body.resolve.FirAbstractBodyResolveTransformerDispatcher.transformPropertyAccessExpression(FirAbstractBodyResolveTransformerDispatcher.kt:27)
	at org.jetbrains.kotlin.fir.expressions.FirPropertyAccessExpression.transform(FirPropertyAccessExpression.kt:43)
	at org.jetbrains.kotlin.fir.expressions.impl.FirVariableAssignmentImpl.transformLValue(FirVariableAssignmentImpl.kt:49)
	at org.jetbrains.kotlin.fir.expressions.impl.FirVariableAssignmentImpl.transformLValue(FirVariableAssignmentImpl.kt:23)
	at org.jetbrains.kotlin.fir.resolve.transformers.body.resolve.FirExpressionsResolveTransformer.transformVariableAssignment(FirExpressionsResolveTransformer.kt:1285)
	at org.jetbrains.kotlin.fir.resolve.transformers.body.resolve.FirAbstractBodyResolveTransformerDispatcher.transformVariableAssignment(FirAbstractBodyResolveTransformerDispatcher.kt:303)
	at org.jetbrains.kotlin.fir.resolve.transformers.body.resolve.FirAbstractBodyResolveTransformerDispatcher.transformVariableAssignment(FirAbstractBodyResolveTransformerDispatcher.kt:27)
	at org.jetbrains.kotlin.fir.expressions.FirVariableAssignment.transform(FirVariableAssignment.kt:31)
	at org.jetbrains.kotlin.fir.expressions.FirExpressionUtilKt.transformStatementsIndexed(FirExpressionUtil.kt:209)
	at org.jetbrains.kotlin.fir.resolve.transformers.body.resolve.FirExpressionsResolveTransformer.transformBlockInCurrentScope$resolve(FirExpressionsResolveTransformer.kt:735)
	at org.jetbrains.kotlin.fir.resolve.transformers.body.resolve.FirExpressionsResolveTransformer.transformBlock(FirExpressionsResolveTransformer.kt:726)
	at org.jetbrains.kotlin.fir.resolve.transformers.body.resolve.FirAbstractBodyResolveTransformerDispatcher.transformBlock(FirAbstractBodyResolveTransformerDispatcher.kt:222)
	at org.jetbrains.kotlin.fir.resolve.transformers.body.resolve.FirAbstractBodyResolveTransformerDispatcher.transformBlock(FirAbstractBodyResolveTransformerDispatcher.kt:27)
	at org.jetbrains.kotlin.fir.expressions.FirBlock.transform(FirBlock.kt:33)
	at org.jetbrains.kotlin.fir.resolve.transformers.body.resolve.FirPartialBodyResolveTransformer.transformElement(FirPartialBodyResolveTransformer.kt:36)
	at org.jetbrains.kotlin.fir.resolve.transformers.body.resolve.FirPartialBodyResolveTransformer.transformElement(FirPartialBodyResolveTransformer.kt:13)
	at org.jetbrains.kotlin.fir.visitors.FirTransformer.transformBlock(FirTransformer.kt:183)
	at org.jetbrains.kotlin.fir.expressions.FirBlock.transform(FirBlock.kt:33)
	at org.jetbrains.kotlin.fir.declarations.impl.FirSimpleFunctionImpl.transformBody(FirSimpleFunctionImpl.kt:114)
	at org.jetbrains.kotlin.fir.declarations.impl.FirSimpleFunctionImpl.transformBody(FirSimpleFunctionImpl.kt:32)
	at org.jetbrains.kotlin.fir.resolve.transformers.body.resolve.FirDeclarationsResolveTransformer.transformFunction(FirDeclarationsResolveTransformer.kt:1050)
	at org.jetbrains.kotlin.fir.resolve.transformers.body.resolve.FirDeclarationsResolveTransformer.transformFunctionWithGivenSignature(FirDeclarationsResolveTransformer.kt:987)
	at org.jetbrains.kotlin.fir.resolve.transformers.body.resolve.FirDeclarationsResolveTransformer.access$transformFunctionWithGivenSignature(FirDeclarationsResolveTransformer.kt:64)
	at org.jetbrains.kotlin.fir.resolve.transformers.body.resolve.FirDeclarationsResolveTransformer.transformSimpleFunction$lambda$67$lambda$66$lambda$65(FirDeclarationsResolveTransformer.kt:979)
	at org.jetbrains.kotlin.fir.resolve.transformers.body.resolve.BodyResolveContext.withParameters(BodyResolveContext.kt:1361)
	at org.jetbrains.kotlin.fir.resolve.transformers.body.resolve.BodyResolveContext.forFunctionBody(BodyResolveContext.kt:769)
	at org.jetbrains.kotlin.fir.resolve.transformers.body.resolve.FirDeclarationsResolveTransformer.transformSimpleFunction(FirDeclarationsResolveTransformer.kt:977)
	at org.jetbrains.kotlin.fir.resolve.transformers.body.resolve.FirAbstractBodyResolveTransformerDispatcher.transformSimpleFunction(FirAbstractBodyResolveTransformerDispatcher.kt:574)
	at org.jetbrains.kotlin.fir.resolve.transformers.body.resolve.FirAbstractBodyResolveTransformerDispatcher.transformSimpleFunction(FirAbstractBodyResolveTransformerDispatcher.kt:27)
	at org.jetbrains.kotlin.fir.declarations.FirSimpleFunction.transform(FirSimpleFunction.kt:55)
	at org.jetbrains.kotlin.fir.visitors.FirTransformerUtilKt.transformInplace(FirTransformerUtil.kt:20)
	at org.jetbrains.kotlin.fir.declarations.impl.FirRegularClassImpl.transformDeclarations(FirRegularClassImpl.kt:92)
	at org.jetbrains.kotlin.fir.declarations.impl.FirRegularClassImpl.transformChildren(FirRegularClassImpl.kt:74)
	at org.jetbrains.kotlin.fir.declarations.impl.FirRegularClassImpl.transformChildren(FirRegularClassImpl.kt:30)
	at org.jetbrains.kotlin.fir.resolve.transformers.body.resolve.FirAbstractBodyResolveTransformerDispatcher.transformElement(FirAbstractBodyResolveTransformerDispatcher.kt:92)
	at org.jetbrains.kotlin.fir.resolve.transformers.body.resolve.FirAbstractBodyResolveTransformerDispatcher.transformDeclarationContent(FirAbstractBodyResolveTransformerDispatcher.kt:462)
	at org.jetbrains.kotlin.fir.resolve.transformers.body.resolve.FirDeclarationsResolveTransformer.transformDeclarationContent(FirDeclarationsResolveTransformer.kt:84)
	at org.jetbrains.kotlin.fir.resolve.transformers.body.resolve.FirDeclarationsResolveTransformer.doTransformRegularClass$lambda$59(FirDeclarationsResolveTransformer.kt:906)
	at org.jetbrains.kotlin.fir.resolve.transformers.body.resolve.FirDeclarationsResolveTransformer.withRegularClass$lambda$60(FirDeclarationsResolveTransformer.kt:915)
	at org.jetbrains.kotlin.fir.resolve.transformers.body.resolve.BodyResolveContext.withRegularClass$lambda$18$lambda$17(BodyResolveContext.kt:1749)
	at org.jetbrains.kotlin.fir.resolve.transformers.body.resolve.BodyResolveContext.withScopesForClass(BodyResolveContext.kt:591)
	at org.jetbrains.kotlin.fir.resolve.transformers.body.resolve.BodyResolveContext.withRegularClass(BodyResolveContext.kt:467)
	at org.jetbrains.kotlin.fir.resolve.transformers.body.resolve.FirDeclarationsResolveTransformer.withRegularClass(FirDeclarationsResolveTransformer.kt:914)
	at org.jetbrains.kotlin.fir.resolve.transformers.body.resolve.FirDeclarationsResolveTransformer.doTransformRegularClass(FirDeclarationsResolveTransformer.kt:905)
	at org.jetbrains.kotlin.fir.resolve.transformers.body.resolve.FirDeclarationsResolveTransformer.transformRegularClass(FirDeclarationsResolveTransformer.kt:806)
	at org.jetbrains.kotlin.fir.resolve.transformers.body.resolve.FirAbstractBodyResolveTransformerDispatcher.transformRegularClass(FirAbstractBodyResolveTransformerDispatcher.kt:547)
	at org.jetbrains.kotlin.fir.resolve.transformers.body.resolve.FirAbstractBodyResolveTransformerDispatcher.transformRegularClass(FirAbstractBodyResolveTransformerDispatcher.kt:27)
	at org.jetbrains.kotlin.fir.declarations.FirRegularClass.transform(FirRegularClass.kt:53)
	at org.jetbrains.kotlin.fir.visitors.FirTransformerUtilKt.transformInplace(FirTransformerUtil.kt:20)
	at org.jetbrains.kotlin.fir.declarations.impl.FirFileImpl.transformDeclarations(FirFileImpl.kt:81)
	at org.jetbrains.kotlin.fir.declarations.impl.FirFileImpl.transformChildren(FirFileImpl.kt:66)
	at org.jetbrains.kotlin.fir.declarations.impl.FirFileImpl.transformChildren(FirFileImpl.kt:29)
	at org.jetbrains.kotlin.fir.resolve.transformers.body.resolve.FirAbstractBodyResolveTransformerDispatcher.transformElement(FirAbstractBodyResolveTransformerDispatcher.kt:92)
	at org.jetbrains.kotlin.fir.resolve.transformers.body.resolve.FirAbstractBodyResolveTransformerDispatcher.transformDeclarationContent(FirAbstractBodyResolveTransformerDispatcher.kt:462)
	at org.jetbrains.kotlin.fir.resolve.transformers.body.resolve.FirDeclarationsResolveTransformer.transformDeclarationContent(FirDeclarationsResolveTransformer.kt:84)
	at org.jetbrains.kotlin.fir.resolve.transformers.body.resolve.FirDeclarationsResolveTransformer.doTransformFile$lambda$57(FirDeclarationsResolveTransformer.kt:878)
	at org.jetbrains.kotlin.fir.resolve.transformers.body.resolve.FirDeclarationsResolveTransformer.withFile(FirDeclarationsResolveTransformer.kt:891)
	at org.jetbrains.kotlin.fir.resolve.transformers.body.resolve.FirDeclarationsResolveTransformer.doTransformFile(FirDeclarationsResolveTransformer.kt:877)
	at org.jetbrains.kotlin.fir.resolve.transformers.body.resolve.FirDeclarationsResolveTransformer.transformFile(FirDeclarationsResolveTransformer.kt:784)
	... 47 more
Caused by: java.io.FileNotFoundException: C:\Users\WebsCare\Documents\GitHub\UrduPhotoDesigner\app\build\intermediates\built_in_kotlinc\devDebug\compileDevDebugKotlin\classes\com\webscare\urducanvas\common\views\GestureFrameLayout.class (The system cannot find the path specified)
	at java.base/java.io.IoOverNioFileSystem.convertNioToIoExceptionInStreams(Unknown Source)
	at java.base/java.io.IoOverNioFileSystem.initializeStreamsUsingNio0(Unknown Source)
	at java.base/java.io.IoOverNioFileSystem.initializeStreamUsingNio(Unknown Source)
	at java.base/java.io.FileInputStream.<init>(Unknown Source)
	at org.jetbrains.kotlin.com.intellij.openapi.util.io.FileUtil.loadFileBytes(FileUtil.java:187)
	at org.jetbrains.kotlin.cli.common.localfs.KotlinLocalVirtualFile.contentsToByteArray(KotlinLocalVirtualFile.kt:108)
	at org.jetbrains.kotlin.com.intellij.openapi.vfs.VirtualFile.contentsToByteArray(VirtualFile.java:627)
	at org.jetbrains.kotlin.com.intellij.util.indexing.FileContentImpl.createByFile(FileContentImpl.java:123)
	at org.jetbrains.kotlin.com.intellij.psi.stubs.CoreStubTreeLoader.build(CoreStubTreeLoader.java:37)
	... 225 more
Caused by: java.nio.file.NoSuchFileException: C:\Users\WebsCare\Documents\GitHub\UrduPhotoDesigner\app\build\intermediates\built_in_kotlinc\devDebug\compileDevDebugKotlin\classes\com\webscare\urducanvas\common\views\GestureFrameLayout.class
	at java.base/sun.nio.fs.WindowsException.translateToIOException(Unknown Source)
	at java.base/sun.nio.fs.WindowsException.rethrowAsIOException(Unknown Source)
	at java.base/sun.nio.fs.WindowsException.rethrowAsIOException(Unknown Source)
	at java.base/sun.nio.fs.WindowsFileSystemProvider.newFileChannel(Unknown Source)
	... 233 more


error message: Daemon compilation failed: null
java.lang.Exception
	at org.jetbrains.kotlin.daemon.common.CompileService$CallResult$Error.get(CompileService.kt:69)
	at org.jetbrains.kotlin.daemon.common.CompileService$CallResult$Error.get(CompileService.kt:65)
	at org.jetbrains.kotlin.compilerRunner.GradleKotlinCompilerWork.compileWithDaemon(GradleKotlinCompilerWork.kt:240)
	at org.jetbrains.kotlin.compilerRunner.GradleKotlinCompilerWork.compileWithDaemonOrFallbackImpl(GradleKotlinCompilerWork.kt:159)
	at org.jetbrains.kotlin.compilerRunner.GradleKotlinCompilerWork.run(GradleKotlinCompilerWork.kt:111)
	at org.jetbrains.kotlin.compilerRunner.GradleCompilerRunnerWithWorkers$GradleKotlinCompilerWorkAction.execute(GradleCompilerRunnerWithWorkers.kt:74)
	at org.gradle.workers.internal.DefaultWorkerServer.execute(DefaultWorkerServer.java:68)
	at org.gradle.workers.internal.NoIsolationWorkerFactory$1$1.create(NoIsolationWorkerFactory.java:64)
	at org.gradle.workers.internal.NoIsolationWorkerFactory$1$1.create(NoIsolationWorkerFactory.java:61)
	at org.gradle.internal.classloader.ClassLoaderUtils.executeInClassloader(ClassLoaderUtils.java:102)
	at org.gradle.workers.internal.NoIsolationWorkerFactory$1.lambda$execute$0(NoIsolationWorkerFactory.java:61)
	at org.gradle.workers.internal.AbstractWorker$1.call(AbstractWorker.java:44)
	at org.gradle.workers.internal.AbstractWorker$1.call(AbstractWorker.java:41)
	at org.gradle.internal.operations.DefaultBuildOperationRunner$CallableBuildOperationWorker.execute(DefaultBuildOperationRunner.java:210)
	at org.gradle.internal.operations.DefaultBuildOperationRunner$CallableBuildOperationWorker.execute(DefaultBuildOperationRunner.java:205)
	at org.gradle.internal.operations.DefaultBuildOperationRunner$2.execute(DefaultBuildOperationRunner.java:67)
	at org.gradle.internal.operations.DefaultBuildOperationRunner$2.execute(DefaultBuildOperationRunner.java:60)
	at org.gradle.internal.operations.DefaultBuildOperationRunner.execute(DefaultBuildOperationRunner.java:167)
	at org.gradle.internal.operations.DefaultBuildOperationRunner.execute(DefaultBuildOperationRunner.java:60)
	at org.gradle.internal.operations.DefaultBuildOperationRunner.call(DefaultBuildOperationRunner.java:54)
	at org.gradle.workers.internal.AbstractWorker.executeWrappedInBuildOperation(AbstractWorker.java:41)
	at org.gradle.workers.internal.NoIsolationWorkerFactory$1.execute(NoIsolationWorkerFactory.java:58)
	at org.gradle.workers.internal.DefaultWorkerExecutor.lambda$submitWork$0(DefaultWorkerExecutor.java:174)
	at java.base/java.util.concurrent.FutureTask.run(Unknown Source)
	at org.gradle.internal.work.DefaultConditionalExecutionQueue$ExecutionRunner.runExecution(DefaultConditionalExecutionQueue.java:191)
	at org.gradle.internal.work.DefaultConditionalExecutionQueue$ExecutionRunner.access$500(DefaultConditionalExecutionQueue.java:112)
	at org.gradle.internal.work.DefaultConditionalExecutionQueue$ExecutionRunner$1.run(DefaultConditionalExecutionQueue.java:168)
	at org.gradle.internal.Factories$1.create(Factories.java:30)
	at org.gradle.internal.work.DefaultWorkerLeaseService.lambda$runAndReleaseLocks$0(DefaultWorkerLeaseService.java:300)
	at org.gradle.internal.work.ResourceLockStatistics$1.measure(ResourceLockStatistics.java:43)
	at org.gradle.internal.work.DefaultWorkerLeaseService.runAndReleaseLocks(DefaultWorkerLeaseService.java:298)
	at org.gradle.internal.work.DefaultWorkerLeaseService.withLocksAcquired(DefaultWorkerLeaseService.java:294)
	at org.gradle.internal.work.DefaultWorkerLeaseService.withLocks(DefaultWorkerLeaseService.java:286)
	at org.gradle.internal.work.DefaultWorkerLeaseService.runAsWorkerThread(DefaultWorkerLeaseService.java:130)
	at org.gradle.internal.work.DefaultWorkerLeaseService.runAsWorkerThread(DefaultWorkerLeaseService.java:135)
	at org.gradle.internal.work.DefaultConditionalExecutionQueue$ExecutionRunner.runBatch(DefaultConditionalExecutionQueue.java:163)
	at org.gradle.internal.work.DefaultConditionalExecutionQueue$ExecutionRunner.run(DefaultConditionalExecutionQueue.java:125)
	at java.base/java.util.concurrent.Executors$RunnableAdapter.call(Unknown Source)
	at java.base/java.util.concurrent.FutureTask.run(Unknown Source)
	at org.gradle.internal.concurrent.ExecutorPolicy$CatchAndRecordFailures.onExecute(ExecutorPolicy.java:64)
	at org.gradle.internal.concurrent.AbstractManagedExecutor$1.run(AbstractManagedExecutor.java:47)
	at java.base/java.util.concurrent.ThreadPoolExecutor.runWorker(Unknown Source)
	at java.base/java.util.concurrent.ThreadPoolExecutor$Worker.run(Unknown Source)
	at java.base/java.lang.Thread.run(Unknown Source)
Caused by: java.nio.file.NoSuchFileException: C:\Users\WebsCare\AppData\Local\Temp\kotlin-backups10577853341894828466\177.backup -> C:\Users\WebsCare\Documents\GitHub\UrduPhotoDesigner\app\build\intermediates\built_in_kotlinc\devDebug\compileDevDebugKotlin\classes\com\webscare\urducanvas\ui\editor\panels\objects\ObjectsFragment$observeSelectionMode$2.class
	at java.base/sun.nio.fs.WindowsException.translateToIOException(Unknown Source)
	at java.base/sun.nio.fs.WindowsException.rethrowAsIOException(Unknown Source)
	at java.base/sun.nio.fs.WindowsFileCopy.move(Unknown Source)
	at java.base/sun.nio.fs.WindowsFileSystemProvider.move(Unknown Source)
	at java.base/java.nio.file.Files.move(Unknown Source)
	at org.jetbrains.kotlin.incremental.RecoverableCompilationTransaction.revertChanges(CompilationTransaction.kt:231)
	at org.jetbrains.kotlin.incremental.RecoverableCompilationTransaction.close(CompilationTransaction.kt:256)
	at org.jetbrains.kotlin.incremental.IncrementalCompilerRunner.tryCompileIncrementally(IncrementalCompilerRunner.kt:740)
	at org.jetbrains.kotlin.incremental.IncrementalCompilerRunner.compile(IncrementalCompilerRunner.kt:124)
	at org.jetbrains.kotlin.daemon.CompileServiceImplBase.execIncrementalCompiler(CompileServiceImpl.kt:679)
	at org.jetbrains.kotlin.daemon.CompileServiceImplBase.access$execIncrementalCompiler(CompileServiceImpl.kt:93)
	at org.jetbrains.kotlin.daemon.CompileServiceImpl.compile(CompileServiceImpl.kt:1806)
	at java.base/jdk.internal.reflect.DirectMethodHandleAccessor.invoke(Unknown Source)
	at java.base/java.lang.reflect.Method.invoke(Unknown Source)
	at java.rmi/sun.rmi.server.UnicastServerRef.dispatch(Unknown Source)
	at java.rmi/sun.rmi.transport.Transport$1.run(Unknown Source)
	at java.rmi/sun.rmi.transport.Transport$1.run(Unknown Source)
	at java.base/java.security.AccessController.doPrivileged(Unknown Source)
	at java.rmi/sun.rmi.transport.Transport.serviceCall(Unknown Source)
	at java.rmi/sun.rmi.transport.tcp.TCPTransport.handleMessages(Unknown Source)
	at java.rmi/sun.rmi.transport.tcp.TCPTransport$ConnectionHandler.run0(Unknown Source)
	at java.rmi/sun.rmi.transport.tcp.TCPTransport$ConnectionHandler.lambda$run$0(Unknown Source)
	at java.base/java.security.AccessController.doPrivileged(Unknown Source)
	at java.rmi/sun.rmi.transport.tcp.TCPTransport$ConnectionHandler.run(Unknown Source)
	... 3 more


